BL51 BANKED LINKER/LOCATER V4.02                                                        12/14/2015  14:50:22  PAGE 1


BL51 BANKED LINKER/LOCATER V4.02, INVOKED BY:
C:\KEIL\C51\BIN\BL51.EXE Directory_Functions_struct.obj, File_System.obj, I2C.obj, I2C_test.obj, Long_Serial_In.obj, Pla
>> y_Song.obj, print_bytes.obj, Read_Sector.obj, SDCard.obj, SPI.obj, STA013_config.obj, UART.obj, config.obj, hardware_
>> delay.obj, LCD_routines.obj TO LAB_5_FINAL


MEMORY MODEL: SMALL


INPUT MODULES INCLUDED:
  Directory_Functions_struct.obj (DIRECTORY_FUNCTIONS_STRUCT)
  File_System.obj (FILE_SYSTEM)
  I2C.obj (I2C)
  I2C_test.obj (I2C_TEST)
  Long_Serial_In.obj (LONG_SERIAL_IN)
  Play_Song.obj (PLAY_SONG)
  print_bytes.obj (PRINT_BYTES)
  Read_Sector.obj (READ_SECTOR)
  SDCard.obj (SDCARD)
  SPI.obj (SPI)
  STA013_config.obj (STA013_CONFIG)
  UART.obj (UART)
  config.obj (CONFIG)
  hardware_delay.obj (HARDWARE_DELAY)
  LCD_routines.obj (LCD_ROUTINES)
  C:\KEIL\C51\LIB\C51S.LIB (?C_STARTUP)
  C:\KEIL\C51\LIB\C51S.LIB (?C?CLDPTR)
  C:\KEIL\C51\LIB\C51S.LIB (?C?CLDOPTR)
  C:\KEIL\C51\LIB\C51S.LIB (?C?CILDOPTR)
  C:\KEIL\C51\LIB\C51S.LIB (?C?CSTPTR)
  C:\KEIL\C51\LIB\C51S.LIB (?C?CSTOPTR)
  C:\KEIL\C51\LIB\C51S.LIB (?C?UIDIV)
  C:\KEIL\C51\LIB\C51S.LIB (?C?ILDOPTR)
  C:\KEIL\C51\LIB\C51S.LIB (?C?ISTOPTR)
  C:\KEIL\C51\LIB\C51S.LIB (?C?LMUL)
  C:\KEIL\C51\LIB\C51S.LIB (?C?ULDIV)
  C:\KEIL\C51\LIB\C51S.LIB (?C?SLCMP)
  C:\KEIL\C51\LIB\C51S.LIB (?C?ULCMP)
  C:\KEIL\C51\LIB\C51S.LIB (?C?ULSHR)
  C:\KEIL\C51\LIB\C51S.LIB (?C?LSHL)
  C:\KEIL\C51\LIB\C51S.LIB (?C?LLDOPTR)
  C:\KEIL\C51\LIB\C51S.LIB (?C?LSTOPTR)
  C:\KEIL\C51\LIB\C51S.LIB (?C?LLDIDATA)
  C:\KEIL\C51\LIB\C51S.LIB (?C?LLDOPTR0)
  C:\KEIL\C51\LIB\C51S.LIB (PUTCHAR)
  C:\KEIL\C51\LIB\C51S.LIB (PRINTF)
  C:\KEIL\C51\LIB\C51S.LIB (GETCHAR)
  C:\KEIL\C51\LIB\C51S.LIB (ATOL)
  C:\KEIL\C51\LIB\C51S.LIB (?C?LNEG)
  C:\KEIL\C51\LIB\C51S.LIB (?C?LLDXDATA)
  C:\KEIL\C51\LIB\C51S.LIB (?C?LLDPDATA)
  C:\KEIL\C51\LIB\C51S.LIB (?C?LLDCODE)
  C:\KEIL\C51\LIB\C51S.LIB (?C?LLDIDATA0)
  C:\KEIL\C51\LIB\C51S.LIB (?C?LLDXDATA0)
  C:\KEIL\C51\LIB\C51S.LIB (?C?LLDPDATA0)
  C:\KEIL\C51\LIB\C51S.LIB (?C?LLDCODE0)
  C:\KEIL\C51\LIB\C51S.LIB (?C?LSTIDATA)
  C:\KEIL\C51\LIB\C51S.LIB (?C?LSTXDATA)
BL51 BANKED LINKER/LOCATER V4.02                                                      12/14/2015  14:50:22  PAGE 2


  C:\KEIL\C51\LIB\C51S.LIB (?C?LSTPDATA)
  C:\KEIL\C51\LIB\C51S.LIB (?C?PLDIIDATA)
  C:\KEIL\C51\LIB\C51S.LIB (?C?CCASE)
  C:\KEIL\C51\LIB\C51S.LIB (_GETKEY)
  C:\KEIL\C51\LIB\C51S.LIB (ISDIGIT)
  C:\KEIL\C51\LIB\C51S.LIB (ISSPACE)


LINK MAP OF MODULE:  LAB_5_FINAL (DIRECTORY_FUNCTIONS_STRUCT)


            TYPE    BASE      LENGTH    RELOCATION   SEGMENT NAME
            -----------------------------------------------------

            * * * * * * *   D A T A   M E M O R Y   * * * * * * *
            REG     0000H     0008H     ABSOLUTE     "REG BANK 0"
            DATA    0008H     0001H     UNIT         ?DT?PLAY_SONG
            DATA    0009H     0001H     UNIT         ?DT?GETCHAR
            IDATA   000AH     0016H     UNIT         ?ID?DIRECTORY_FUNCTIONS_STRUCT
            BIT     0020H.0   0001H.1   UNIT         _BIT_GROUP_
            BIT     0021H.1   0000H.1   UNIT         ?BI?GETCHAR
                    0021H.2   0000H.6                *** GAP ***
            DATA    0022H     0054H     UNIT         _DATA_GROUP_
            IDATA   0076H     0006H     UNIT         _IDATA_GROUP_
            IDATA   007CH     0001H     UNIT         ?ID?SDCARD
            IDATA   007DH     0001H     UNIT         ?STACK

            * * * * * * *  X D A T A   M E M O R Y  * * * * * * *
            XDATA   0000H     0400H     UNIT         ?XD?I2C_TEST

            * * * * * * *   C O D E   M E M O R Y   * * * * * * *
            CODE    0000H     0003H     ABSOLUTE     
            CODE    0003H     0FD0H     UNIT         STA013_CONFIG
            CODE    0FD3H     0427H     UNIT         ?C?LIB_CODE
            CODE    13FAH     03E2H     UNIT         ?PR?_MOUNT_DRIVE?FILE_SYSTEM
            CODE    17DCH     03B0H     UNIT         ?PR?_PLAY_SONG?PLAY_SONG
            CODE    1B8CH     035CH     UNIT         ?PR?PRINTF?PRINTF
            CODE    1EE8H     0331H     UNIT         ?PR?SD_CARD_INIT?SDCARD
            CODE    2219H     027DH     UNIT         ?PR?_READ_DIR_ENTRY?DIRECTORY_FUNCTIONS_STRUCT
            CODE    2496H     0250H     UNIT         ?PR?STA013_INIT?STA013_CONFIG
            CODE    26E6H     022EH     UNIT         ?PR?MAIN?I2C_TEST
            CODE    2914H     01F0H     UNIT         ?CO?SDCARD
            CODE    2B04H     01E6H     UNIT         ?PR?_PRINT_DIRECTORY?DIRECTORY_FUNCTIONS_STRUCT
            CODE    2CEAH     0118H     UNIT         ?PR?_I2C_READ?I2C
            CODE    2E02H     0112H     UNIT         ?CO?STA013_CONFIG
            CODE    2F14H     010DH     UNIT         ?PR?_SEND_COMMAND?SDCARD
            CODE    3021H     0102H     UNIT         ?PR?_FIND_NEXT_CLUS?FILE_SYSTEM
            CODE    3123H     00FFH     UNIT         ?PR?_READ_BLOCK?SDCARD
            CODE    3222H     00DEH     UNIT         ?PR?_ATOL?ATOL
            CODE    3300H     00D3H     UNIT         ?PR?LONG_SERIAL_INPUT?LONG_SERIAL_IN
            CODE    33D3H     00CDH     UNIT         ?PR?_I2C_WRITE?I2C
            CODE    34A0H     0099H     UNIT         ?PR?_RESPONSE?SDCARD
            CODE    3539H     0092H     UNIT         ?PR?_FIRST_SECTOR?FILE_SYSTEM
            CODE    35CBH     008CH     UNIT         ?PR?_SPI_MASTER_INIT?SPI
            CODE    3657H     0073H     UNIT         ?CO?I2C_TEST
            CODE    36CAH     0071H     UNIT         ?PR?_READ32?FILE_SYSTEM
            CODE    373BH     006EH     UNIT         ?PR?_PRINT_ERROR?SDCARD
BL51 BANKED LINKER/LOCATER V4.02                                                      12/14/2015  14:50:22  PAGE 3


            CODE    37A9H     006DH     UNIT         ?PR?_LCD_PRINT?LCD_ROUTINES
            CODE    3816H     0069H     UNIT         ?CO?FILE_SYSTEM
            CODE    387FH     005AH     UNIT         ?PR?LCD_INIT?LCD_ROUTINES
            CODE    38D9H     004DH     UNIT         ?PR?_READ_SECTOR?READ_SECTOR
            CODE    3926H     0041H     UNIT         ?CO?PLAY_SONG
            CODE    3967H     0034H     UNIT         ?PR?_READ16?FILE_SYSTEM
            CODE    399BH     0033H     UNIT         ?PR?_SPI_TRANSFER?SPI
            CODE    39CEH     0027H     UNIT         ?PR?PUTCHAR?PUTCHAR
            CODE    39F5H     0026H     UNIT         ?PR?_DELAY_1MS_T1?HARDWARE_DELAY
            CODE    3A1BH     0025H     UNIT         ?PR?_DELAY_100US_T1?HARDWARE_DELAY
            CODE    3A40H     001CH     UNIT         ?PR?_I2C_CLOCK_DELAY?I2C
            CODE    3A5CH     0016H     UNIT         ?PR?LCD_WRITE?LCD_ROUTINES
            CODE    3A72H     0015H     UNIT         ?PR?_READ8?FILE_SYSTEM
            CODE    3A87H     0014H     UNIT         ?PR?UART_INIT?UART
            CODE    3A9BH     0013H     UNIT         ?PR?I2C_CLOCK_START?I2C
            CODE    3AAEH     0013H     UNIT         ?PR?_ISSPACE?ISSPACE
            CODE    3AC1H     0011H     UNIT         ?PR?GETCHAR?GETCHAR
            CODE    3AD2H     000FH     UNIT         ?PR?_ISDIGIT?ISDIGIT
            CODE    3AE1H     000DH     UNIT         ?CO?DIRECTORY_FUNCTIONS_STRUCT
            CODE    3AEEH     000CH     UNIT         ?C_C51STARTUP
            CODE    3AFAH     000AH     UNIT         ?PR?_GETKEY?_GETKEY
            CODE    3B04H     0007H     UNIT         ?PR?EXPORT_DRIVE_VALUES?DIRECTORY_FUNCTIONS_STRUCT
            CODE    3B0BH     0005H     UNIT         ?PR?RETURN_SD_CARD_TYPE?SDCARD



OVERLAY MAP OF MODULE:   LAB_5_FINAL (DIRECTORY_FUNCTIONS_STRUCT)


SEGMENT                                                       BIT_GROUP          DATA_GROUP          IDATA_GROUP
  +--> CALLED SEGMENT                                      START    LENGTH     START    LENGTH     START    LENGTH
------------------------------------------------------------------------------------------------------------------
?C_C51STARTUP                                              -----    -----      -----    -----      -----    -----
  +--> ?PR?MAIN?I2C_TEST

?PR?MAIN?I2C_TEST                                          -----    -----      0022H    0018H      -----    -----
  +--> ?PR?UART_INIT?UART
  +--> ?PR?LCD_INIT?LCD_ROUTINES
  +--> ?CO?I2C_TEST
  +--> ?PR?PRINTF?PRINTF
  +--> ?PR?_SPI_MASTER_INIT?SPI
  +--> ?PR?SD_CARD_INIT?SDCARD
  +--> ?PR?_MOUNT_DRIVE?FILE_SYSTEM
  +--> ?PR?EXPORT_DRIVE_VALUES?DIRECTORY_FUNCTIONS_STRUCT
  +--> ?PR?STA013_INIT?STA013_CONFIG
  +--> ?PR?_PRINT_DIRECTORY?DIRECTORY_FUNCTIONS_STRUCT
  +--> ?PR?LONG_SERIAL_INPUT?LONG_SERIAL_IN
  +--> ?PR?_READ_DIR_ENTRY?DIRECTORY_FUNCTIONS_STRUCT
  +--> ?PR?_FIRST_SECTOR?FILE_SYSTEM
  +--> ?PR?_READ_SECTOR?READ_SECTOR
  +--> ?PR?_READ8?FILE_SYSTEM
  +--> ?PR?LCD_WRITE?LCD_ROUTINES
  +--> ?PR?_LCD_PRINT?LCD_ROUTINES
  +--> ?PR?_PLAY_SONG?PLAY_SONG

?PR?LCD_INIT?LCD_ROUTINES                                  -----    -----      -----    -----      -----    -----
  +--> ?PR?LCD_WRITE?LCD_ROUTINES
BL51 BANKED LINKER/LOCATER V4.02                                                      12/14/2015  14:50:22  PAGE 4


  +--> ?PR?_DELAY_1MS_T1?HARDWARE_DELAY

?PR?LCD_WRITE?LCD_ROUTINES                                 0020H.0  0000H.1    0040H    0001H      -----    -----

?PR?PRINTF?PRINTF                                          0020H.0  0001H.1    0060H    0014H      -----    -----
  +--> ?PR?PUTCHAR?PUTCHAR

?PR?_SPI_MASTER_INIT?SPI                                   -----    -----      003AH    0001H      -----    -----

?PR?SD_CARD_INIT?SDCARD                                    -----    -----      003AH    0012H      -----    -----
  +--> ?CO?SDCARD
  +--> ?PR?PRINTF?PRINTF
  +--> ?PR?_SPI_TRANSFER?SPI
  +--> ?PR?_SEND_COMMAND?SDCARD
  +--> ?PR?_RESPONSE?SDCARD
  +--> ?PR?PUTCHAR?PUTCHAR
  +--> ?PR?_PRINT_ERROR?SDCARD

?PR?_SEND_COMMAND?SDCARD                                   -----    -----      006CH    0009H      -----    -----
  +--> ?PR?_SPI_TRANSFER?SPI

?PR?_RESPONSE?SDCARD                                       -----    -----      004CH    0008H      -----    -----
  +--> ?PR?_SPI_TRANSFER?SPI

?PR?_PRINT_ERROR?SDCARD                                    -----    -----      004CH    0001H      -----    -----
  +--> ?CO?SDCARD
  +--> ?PR?PRINTF?PRINTF

?PR?_MOUNT_DRIVE?FILE_SYSTEM                               -----    -----      003AH    0026H      -----    -----
  +--> ?PR?EXPORT_DRIVE_VALUES?DIRECTORY_FUNCTIONS_STRUCT
  +--> ?CO?FILE_SYSTEM
  +--> ?PR?PRINTF?PRINTF
  +--> ?PR?_READ_SECTOR?READ_SECTOR
  +--> ?PR?_READ8?FILE_SYSTEM
  +--> ?PR?_READ32?FILE_SYSTEM
  +--> ?PR?_READ16?FILE_SYSTEM

?PR?_READ_SECTOR?READ_SECTOR                               -----    -----      0062H    000AH      -----    -----
  +--> ?PR?RETURN_SD_CARD_TYPE?SDCARD
  +--> ?PR?_SEND_COMMAND?SDCARD
  +--> ?PR?_READ_BLOCK?SDCARD

?PR?_READ_BLOCK?SDCARD                                     -----    -----      006CH    000AH      -----    -----
  +--> ?PR?_SPI_TRANSFER?SPI

?PR?_READ32?FILE_SYSTEM                                    -----    -----      0062H    000AH      -----    -----

?PR?_READ16?FILE_SYSTEM                                    -----    -----      0062H    0005H      -----    -----

?PR?STA013_INIT?STA013_CONFIG                              -----    -----      003AH    0007H      0076H    0006H
  +--> ?PR?_I2C_WRITE?I2C
  +--> ?PR?_I2C_READ?I2C
  +--> ?CO?STA013_CONFIG
  +--> ?PR?PRINTF?PRINTF

?PR?_I2C_WRITE?I2C                                         -----    -----      0041H    000AH      -----    -----
  +--> ?PR?I2C_CLOCK_START?I2C
BL51 BANKED LINKER/LOCATER V4.02                                                      12/14/2015  14:50:22  PAGE 5


  +--> ?PR?_I2C_CLOCK_DELAY?I2C

?PR?_I2C_READ?I2C                                          -----    -----      0041H    000BH      -----    -----
  +--> ?PR?I2C_CLOCK_START?I2C
  +--> ?PR?_I2C_CLOCK_DELAY?I2C

?PR?_PRINT_DIRECTORY?DIRECTORY_FUNCTIONS_STRUCT            -----    -----      003AH    001AH      -----    -----
  +--> ?PR?_READ_SECTOR?READ_SECTOR
  +--> ?PR?_READ8?FILE_SYSTEM
  +--> ?CO?DIRECTORY_FUNCTIONS_STRUCT
  +--> ?PR?PRINTF?PRINTF
  +--> ?PR?PUTCHAR?PUTCHAR

?PR?LONG_SERIAL_INPUT?LONG_SERIAL_IN                       -----    -----      003AH    0011H      -----    -----
  +--> ?PR?GETCHAR?GETCHAR
  +--> ?PR?PUTCHAR?PUTCHAR
  +--> ?PR?_ATOL?ATOL

?PR?GETCHAR?GETCHAR                                        -----    -----      -----    -----      -----    -----
  +--> ?PR?_GETKEY?_GETKEY
  +--> ?PR?PUTCHAR?PUTCHAR

?PR?_ATOL?ATOL                                             0020H.0  0000H.1    004BH    0007H      -----    -----
  +--> ?PR?_ISSPACE?ISSPACE
  +--> ?PR?_ISDIGIT?ISDIGIT

?PR?_READ_DIR_ENTRY?DIRECTORY_FUNCTIONS_STRUCT             -----    -----      003AH    001EH      -----    -----
  +--> ?PR?_READ_SECTOR?READ_SECTOR
  +--> ?PR?_READ8?FILE_SYSTEM

?PR?_FIRST_SECTOR?FILE_SYSTEM                              -----    -----      0050H    000BH      -----    -----
  +--> ?PR?EXPORT_DRIVE_VALUES?DIRECTORY_FUNCTIONS_STRUCT

?PR?_LCD_PRINT?LCD_ROUTINES                                -----    -----      003AH    0006H      -----    -----
  +--> ?PR?LCD_WRITE?LCD_ROUTINES
  +--> ?PR?_DELAY_100US_T1?HARDWARE_DELAY

?PR?_PLAY_SONG?PLAY_SONG                                   -----    -----      003AH    0016H      -----    -----
  +--> ?CO?PLAY_SONG
  +--> ?PR?PRINTF?PRINTF
  +--> ?PR?_FIRST_SECTOR?FILE_SYSTEM
  +--> ?PR?_READ_SECTOR?READ_SECTOR
  +--> ?PR?_SPI_TRANSFER?SPI
  +--> ?PR?_FIND_NEXT_CLUS?FILE_SYSTEM

?PR?_FIND_NEXT_CLUS?FILE_SYSTEM                            -----    -----      0050H    0012H      -----    -----
  +--> ?PR?EXPORT_DRIVE_VALUES?DIRECTORY_FUNCTIONS_STRUCT
  +--> ?PR?_READ_SECTOR?READ_SECTOR
  +--> ?PR?_READ32?FILE_SYSTEM
  +--> ?PR?_READ16?FILE_SYSTEM



SYMBOL TABLE OF MODULE:  LAB_5_FINAL (DIRECTORY_FUNCTIONS_STRUCT)

  VALUE           TYPE          NAME
  ----------------------------------
BL51 BANKED LINKER/LOCATER V4.02                                                      12/14/2015  14:50:22  PAGE 6



  -------         MODULE        DIRECTORY_FUNCTIONS_STRUCT
  C:0000H         SYMBOL        _ICE_DUMMY_
  B:00D8H.2       PUBLIC        CCF2
  B:00D8H.3       PUBLIC        CCF3
  D:0080H         PUBLIC        P0
  B:00D8H.4       PUBLIC        CCF4
  D:0090H         PUBLIC        P1
  D:00A0H         PUBLIC        P2
  D:00B0H         PUBLIC        P3
  B:00B0H.4       PUBLIC        T0
  B:00D0H.6       PUBLIC        AC
  B:00B0H.5       PUBLIC        T1
  B:00B0H.7       PUBLIC        nRD
  B:0090H.0       PUBLIC        T2
  B:00A8H.7       PUBLIC        EA
  B:00A8H.6       PUBLIC        EC
  B:00D8H.7       PUBLIC        CF
  B:0090H.6       PUBLIC        SCK_pin
  B:00B0H.2       PUBLIC        nINT0
  B:0098H.7       PUBLIC        FE
  C:2B04H         PUBLIC        _Print_Directory
  B:00B0H.3       PUBLIC        nINT1
  D:00A8H         PUBLIC        IEN0
  B:00B0H.0       PUBLIC        RxD
  B:0080H.0       PUBLIC        P0_0
  B:0080H.1       PUBLIC        P0_1
  B:00B0H.1       PUBLIC        TxD
  B:0090H.3       PUBLIC        CEX0
  B:0080H.2       PUBLIC        P0_2
  B:0090H.4       PUBLIC        CEX1
  B:0080H.3       PUBLIC        P0_3
  B:00C8H.0       PUBLIC        CP
  B:0080H.4       PUBLIC        P0_4
  B:0080H.5       PUBLIC        P0_5
  B:00D8H.6       PUBLIC        CR
  B:0080H.6       PUBLIC        P0_6
  B:00C8H.6       PUBLIC        EXF2
  D:00B8H         PUBLIC        IPL0
  B:00B0H.4       PUBLIC        P3_4
  B:0080H.7       PUBLIC        P0_7
  B:00B0H.5       PUBLIC        P3_5
  B:00B0H.6       PUBLIC        nWR
  B:00A8H.4       PUBLIC        ES
  B:00B0H.6       PUBLIC        P3_6
  B:00B0H.7       PUBLIC        P3_7
  B:0098H.0       PUBLIC        RI
  B:00D0H.7       PUBLIC        CY
  B:0098H.1       PUBLIC        TI
  B:00B8H.1       PUBLIC        PT0L
  B:00B8H.3       PUBLIC        PT1L
  B:00B8H.5       PUBLIC        PT2L
  B:0090H.1       PUBLIC        T2EX
  D:00D8H         PUBLIC        CCON
  B:00B0H.6       PUBLIC        RS
  B:00B8H.0       PUBLIC        PX0L
  B:00D0H.2       PUBLIC        OV
BL51 BANKED LINKER/LOCATER V4.02                                                      12/14/2015  14:50:22  PAGE 7


  B:0090H.1       PUBLIC        SS
  B:00B8H.2       PUBLIC        PX1L
  B:00C8H.5       PUBLIC        RCLK
  B:00C8H.4       PUBLIC        TCLK
  B:00B8H.6       PUBLIC        PPCL
  B:00A0H.4       PUBLIC        REDLED
  D:0098H         PUBLIC        SCON
  B:00A0H.5       PUBLIC        YELLOWLED
  B:0090H.0       PUBLIC        nCS0
  B:0080H.0       PUBLIC        AD0
  D:0088H         PUBLIC        TCON
  B:0080H.1       PUBLIC        AD1
  B:0080H.2       PUBLIC        AD2
  B:00B0H.1       PUBLIC        RxD_pin
  B:00C8H.1       PUBLIC        CnT2
  B:0080H.3       PUBLIC        AD3
  B:0090H.5       PUBLIC        MISO
  B:0090H.7       PUBLIC        MOSI
  B:0080H.4       PUBLIC        AD4
  B:00B0H.0       PUBLIC        TxD_pin
  B:0080H.5       PUBLIC        AD5
  B:0080H.6       PUBLIC        AD6
  B:0080H.7       PUBLIC        AD7
  B:00A0H.0       PUBLIC        AD8
  B:00A0H.1       PUBLIC        AD9
  B:0088H.1       PUBLIC        IE0
  B:00A0H.6       PUBLIC        AMBERLED
  B:0088H.3       PUBLIC        IE1
  B:00B0H.7       PUBLIC        E
  B:00A0H.7       PUBLIC        GREENLED
  B:00A8H.1       PUBLIC        ET0
  B:00A8H.3       PUBLIC        ET1
  B:0088H.5       PUBLIC        TF0
  B:00A8H.5       PUBLIC        ET2
  B:0088H.7       PUBLIC        TF1
  B:00C8H.7       PUBLIC        TF2
  B:0098H.2       PUBLIC        RB8
  B:00A8H.0       PUBLIC        EX0
  B:0088H.0       PUBLIC        IT0
  B:0098H.3       PUBLIC        TB8
  B:00A8H.2       PUBLIC        EX1
  B:0088H.2       PUBLIC        IT1
  B:00D0H.0       PUBLIC        P
  B:0098H.7       PUBLIC        SM0
  B:0090H.2       PUBLIC        ECI
  B:0098H.6       PUBLIC        SM1
  B:0098H.5       PUBLIC        SM2
  B:0090H.4       PUBLIC        BIT_EN
  C:2219H         PUBLIC        _Read_Dir_Entry
  B:00D0H.3       PUBLIC        RS0
  B:0088H.4       PUBLIC        TR0
  B:00D0H.4       PUBLIC        RS1
  B:0088H.6       PUBLIC        TR1
  C:3B04H         PUBLIC        Export_Drive_values
  B:0090H.1       PUBLIC        SDA
  B:00C8H.2       PUBLIC        TR2
  B:00A0H.0       PUBLIC        SW1
BL51 BANKED LINKER/LOCATER V4.02                                                      12/14/2015  14:50:22  PAGE 8


  B:00A0H.1       PUBLIC        SW2
  B:00A0H.2       PUBLIC        SW3
  B:00A0H.3       PUBLIC        SW4
  B:0090H.6       PUBLIC        SCK
  B:0090H.7       PUBLIC        MOSI_pin
  B:0090H.5       PUBLIC        MISO_pin
  B:0090H.2       PUBLIC        SCL
  B:00B0H.3       PUBLIC        STA013_RESET
  B:00C8H.3       PUBLIC        EXEN2
  B:00B0H.2       PUBLIC        DATA_REQ
  B:0098H.4       PUBLIC        REN
  B:00A0H.2       PUBLIC        AD10
  B:00A0H.3       PUBLIC        AD11
  D:00C8H         PUBLIC        T2CON
  B:00A0H.4       PUBLIC        AD12
  B:00A0H.5       PUBLIC        AD13
  B:00A0H.6       PUBLIC        AD14
  B:00A0H.7       PUBLIC        AD15
  B:00B8H.4       PUBLIC        PLS
  I:000AH         PUBLIC        Drive_values
  B:00D0H.5       PUBLIC        F0
  B:00D0H.1       PUBLIC        F1
  D:00D0H         PUBLIC        PSW
  B:00D8H.0       PUBLIC        CCF0
  B:00D8H.1       PUBLIC        CCF1
  -------         PROC          EXPORT_DRIVE_VALUES
  C:3B04H         LINE#         24
  C:3B04H         LINE#         25
  C:3B04H         LINE#         26
  C:3B0AH         LINE#         27
  -------         ENDPROC       EXPORT_DRIVE_VALUES
  -------         PROC          _PRINT_DIRECTORY
  D:003AH         SYMBOL        Sector_num
  D:003EH         SYMBOL        array_in
  -------         DO            array_in
  D:0040H         SYMBOL        Sector
  D:0044H         SYMBOL        max_sectors
  D:0048H         SYMBOL        i
  D:004AH         SYMBOL        entries
  D:004CH         SYMBOL        temp8
  D:004DH         SYMBOL        j
  D:004EH         SYMBOL        attr
  D:004FH         SYMBOL        out_val
  D:0050H         SYMBOL        error_flag
  D:0051H         SYMBOL        values
  -------         ENDDO         values
  C:2B04H         LINE#         40
  C:2B0CH         LINE#         41
  C:2B0CH         LINE#         48
  C:2B15H         LINE#         49
  C:2B1AH         LINE#         50
  C:2B1EH         LINE#         51
  C:2B24H         LINE#         52
  C:2B24H         LINE#         53
  C:2B31H         LINE#         54
  C:2B33H         LINE#         56
  C:2B33H         LINE#         57
BL51 BANKED LINKER/LOCATER V4.02                                                      12/14/2015  14:50:22  PAGE 9


  C:2B40H         LINE#         58
  C:2B40H         LINE#         59
  C:2B4CH         LINE#         60
  C:2B6BH         LINE#         61
  C:2B72H         LINE#         62
  C:2B72H         LINE#         64
  C:2B72H         LINE#         65
  C:2B81H         LINE#         66
  C:2B91H         LINE#         67
  C:2B91H         LINE#         68
  C:2BA5H         LINE#         69
  C:2BAEH         LINE#         70
  C:2BAEH         LINE#         71
  C:2BB6H         LINE#         72
  C:2BC4H         LINE#         73
  C:2BC7H         LINE#         74
  C:2BC7H         LINE#         75
  C:2BDDH         LINE#         76
  C:2BE0H         LINE#         77
  C:2BE9H         LINE#         78
  C:2BEEH         LINE#         79
  C:2BEEH         LINE#         80
  C:2BF1H         LINE#         81
  C:2BF1H         LINE#         82
  C:2C07H         LINE#         83
  C:2C0AH         LINE#         84
  C:2C13H         LINE#         85
  C:2C1CH         LINE#         86
  C:2C1EH         LINE#         88
  C:2C1EH         LINE#         89
  C:2C23H         LINE#         90
  C:2C26H         LINE#         91
  C:2C26H         LINE#         92
  C:2C3CH         LINE#         93
  C:2C3FH         LINE#         94
  C:2C48H         LINE#         95
  C:2C4DH         LINE#         96
  C:2C52H         LINE#         97
  C:2C52H         LINE#         98
  C:2C52H         LINE#         99
  C:2C52H         LINE#         100
  C:2C5DH         LINE#         101
  C:2C68H         LINE#         102
  C:2C68H         LINE#         103
  C:2C7DH         LINE#         104
  C:2CA0H         LINE#         105
  C:2CA0H         LINE#         106
  C:2CBFH         LINE#         107
  C:2CC3H         LINE#         108
  C:2CC3H         LINE#         109
  C:2CC8H         LINE#         110
  C:2CCAH         LINE#         111
  C:2CCAH         LINE#         112
  C:2CCFH         LINE#         113
  C:2CD1H         LINE#         115
  C:2CD1H         LINE#         116
  C:2CD4H         LINE#         117
BL51 BANKED LINKER/LOCATER V4.02                                                      12/14/2015  14:50:22  PAGE 10


  C:2CD7H         LINE#         118
  C:2CD7H         LINE#         119
  C:2CD7H         LINE#         121
  C:2CDEH         LINE#         122
  C:2CE0H         LINE#         124
  C:2CE0H         LINE#         125
  C:2CE5H         LINE#         126
  C:2CE5H         LINE#         127
  C:2CE9H         LINE#         128
  -------         ENDPROC       _PRINT_DIRECTORY
  -------         PROC          _READ_DIR_ENTRY
  D:003AH         SYMBOL        Sector_num
  D:003EH         SYMBOL        Entry
  D:0040H         SYMBOL        array_in
  -------         DO            array_in
  D:0042H         SYMBOL        Sector
  D:0046H         SYMBOL        max_sectors
  D:004AH         SYMBOL        return_clus
  D:004EH         SYMBOL        i
  D:0050H         SYMBOL        entries
  D:0052H         SYMBOL        temp8
  D:0053H         SYMBOL        attr
  D:0054H         SYMBOL        error_flag
  D:0055H         SYMBOL        values
  -------         ENDDO         values
  C:2219H         LINE#         141
  C:2221H         LINE#         142
  C:2221H         LINE#         148
  C:222AH         LINE#         149
  C:222FH         LINE#         150
  C:2233H         LINE#         151
  C:223BH         LINE#         152
  C:2241H         LINE#         153
  C:2241H         LINE#         154
  C:224EH         LINE#         155
  C:2250H         LINE#         157
  C:2250H         LINE#         158
  C:225DH         LINE#         159
  C:225DH         LINE#         160
  C:2269H         LINE#         161
  C:2288H         LINE#         162
  C:228FH         LINE#         163
  C:228FH         LINE#         165
  C:228FH         LINE#         166
  C:229EH         LINE#         167
  C:22AEH         LINE#         168
  C:22AEH         LINE#         169
  C:22C2H         LINE#         170
  C:22CBH         LINE#         171
  C:22CBH         LINE#         172
  C:22D3H         LINE#         173
  C:22E0H         LINE#         174
  C:22E0H         LINE#         175
  C:22E7H         LINE#         176
  C:22E7H         LINE#         177
  C:2302H         LINE#         178
  C:2315H         LINE#         179
BL51 BANKED LINKER/LOCATER V4.02                                                      12/14/2015  14:50:22  PAGE 11


  C:2339H         LINE#         180
  C:234DH         LINE#         181
  C:234DH         LINE#         182
  C:2371H         LINE#         183
  C:2385H         LINE#         184
  C:23A9H         LINE#         185
  C:23BDH         LINE#         186
  C:23D4H         LINE#         187
  C:23D7H         LINE#         188
  C:23D7H         LINE#         190
  C:23D7H         LINE#         191
  C:23D7H         LINE#         192
  C:23E2H         LINE#         193
  C:23EDH         LINE#         194
  C:23EDH         LINE#         195
  C:2402H         LINE#         196
  C:2425H         LINE#         197
  C:2425H         LINE#         198
  C:2444H         LINE#         199
  C:2448H         LINE#         200
  C:2448H         LINE#         201
  C:2452H         LINE#         202
  C:2454H         LINE#         203
  C:2454H         LINE#         204
  C:2459H         LINE#         205
  C:245BH         LINE#         207
  C:245BH         LINE#         208
  C:245EH         LINE#         209
  C:245EH         LINE#         210
  C:245EH         LINE#         212
  C:2465H         LINE#         213
  C:2467H         LINE#         215
  C:2467H         LINE#         216
  C:2471H         LINE#         217
  C:2471H         LINE#         218
  C:248DH         LINE#         219
  C:2495H         LINE#         220
  -------         ENDPROC       _READ_DIR_ENTRY
  -------         ENDMOD        DIRECTORY_FUNCTIONS_STRUCT

  -------         MODULE        FILE_SYSTEM
  C:0000H         SYMBOL        _ICE_DUMMY_
  B:00D8H.2       PUBLIC        CCF2
  B:00D8H.3       PUBLIC        CCF3
  D:0080H         PUBLIC        P0
  B:00D8H.4       PUBLIC        CCF4
  D:0090H         PUBLIC        P1
  D:00A0H         PUBLIC        P2
  D:00B0H         PUBLIC        P3
  B:00B0H.4       PUBLIC        T0
  B:00D0H.6       PUBLIC        AC
  B:00B0H.5       PUBLIC        T1
  B:00B0H.7       PUBLIC        nRD
  B:0090H.0       PUBLIC        T2
  B:00A8H.7       PUBLIC        EA
  B:00A8H.6       PUBLIC        EC
  B:00D8H.7       PUBLIC        CF
BL51 BANKED LINKER/LOCATER V4.02                                                      12/14/2015  14:50:22  PAGE 12


  B:0090H.6       PUBLIC        SCK_pin
  B:00B0H.2       PUBLIC        nINT0
  B:0098H.7       PUBLIC        FE
  B:00B0H.3       PUBLIC        nINT1
  D:00A8H         PUBLIC        IEN0
  B:00B0H.0       PUBLIC        RxD
  B:0080H.0       PUBLIC        P0_0
  B:0080H.1       PUBLIC        P0_1
  B:00B0H.1       PUBLIC        TxD
  B:0090H.3       PUBLIC        CEX0
  B:0080H.2       PUBLIC        P0_2
  B:0090H.4       PUBLIC        CEX1
  B:0080H.3       PUBLIC        P0_3
  B:00C8H.0       PUBLIC        CP
  B:0080H.4       PUBLIC        P0_4
  B:0080H.5       PUBLIC        P0_5
  B:00D8H.6       PUBLIC        CR
  B:0080H.6       PUBLIC        P0_6
  B:00C8H.6       PUBLIC        EXF2
  D:00B8H         PUBLIC        IPL0
  B:00B0H.4       PUBLIC        P3_4
  B:0080H.7       PUBLIC        P0_7
  B:00B0H.5       PUBLIC        P3_5
  B:00B0H.6       PUBLIC        nWR
  B:00A8H.4       PUBLIC        ES
  B:00B0H.6       PUBLIC        P3_6
  B:00B0H.7       PUBLIC        P3_7
  B:0098H.0       PUBLIC        RI
  B:00D0H.7       PUBLIC        CY
  B:0098H.1       PUBLIC        TI
  B:00B8H.1       PUBLIC        PT0L
  B:00B8H.3       PUBLIC        PT1L
  B:00B8H.5       PUBLIC        PT2L
  B:0090H.1       PUBLIC        T2EX
  D:00D8H         PUBLIC        CCON
  B:00B0H.6       PUBLIC        RS
  B:00B8H.0       PUBLIC        PX0L
  B:00D0H.2       PUBLIC        OV
  B:0090H.1       PUBLIC        SS
  B:00B8H.2       PUBLIC        PX1L
  B:00C8H.5       PUBLIC        RCLK
  B:00C8H.4       PUBLIC        TCLK
  B:00B8H.6       PUBLIC        PPCL
  B:00A0H.4       PUBLIC        REDLED
  D:0098H         PUBLIC        SCON
  B:00A0H.5       PUBLIC        YELLOWLED
  B:0090H.0       PUBLIC        nCS0
  B:0080H.0       PUBLIC        AD0
  D:0088H         PUBLIC        TCON
  C:3A7BH         PUBLIC        _read8
  B:0080H.1       PUBLIC        AD1
  B:0080H.2       PUBLIC        AD2
  B:00B0H.1       PUBLIC        RxD_pin
  B:00C8H.1       PUBLIC        CnT2
  B:0080H.3       PUBLIC        AD3
  B:0090H.5       PUBLIC        MISO
  B:0090H.7       PUBLIC        MOSI
BL51 BANKED LINKER/LOCATER V4.02                                                      12/14/2015  14:50:22  PAGE 13


  B:0080H.4       PUBLIC        AD4
  B:00B0H.0       PUBLIC        TxD_pin
  B:0080H.5       PUBLIC        AD5
  B:0080H.6       PUBLIC        AD6
  B:0080H.7       PUBLIC        AD7
  B:00A0H.0       PUBLIC        AD8
  B:00A0H.1       PUBLIC        AD9
  B:0088H.1       PUBLIC        IE0
  C:3539H         PUBLIC        _First_Sector
  B:00A0H.6       PUBLIC        AMBERLED
  B:0088H.3       PUBLIC        IE1
  B:00B0H.7       PUBLIC        E
  B:00A0H.7       PUBLIC        GREENLED
  B:00A8H.1       PUBLIC        ET0
  B:00A8H.3       PUBLIC        ET1
  B:0088H.5       PUBLIC        TF0
  B:00A8H.5       PUBLIC        ET2
  B:0088H.7       PUBLIC        TF1
  B:00C8H.7       PUBLIC        TF2
  B:0098H.2       PUBLIC        RB8
  B:00A8H.0       PUBLIC        EX0
  B:0088H.0       PUBLIC        IT0
  B:0098H.3       PUBLIC        TB8
  B:00A8H.2       PUBLIC        EX1
  B:0088H.2       PUBLIC        IT1
  B:00D0H.0       PUBLIC        P
  B:0098H.7       PUBLIC        SM0
  B:0090H.2       PUBLIC        ECI
  B:0098H.6       PUBLIC        SM1
  B:0098H.5       PUBLIC        SM2
  C:13FAH         PUBLIC        _Mount_Drive
  B:0090H.4       PUBLIC        BIT_EN
  B:00D0H.3       PUBLIC        RS0
  B:0088H.4       PUBLIC        TR0
  B:00D0H.4       PUBLIC        RS1
  B:0088H.6       PUBLIC        TR1
  B:0090H.1       PUBLIC        SDA
  B:00C8H.2       PUBLIC        TR2
  B:00A0H.0       PUBLIC        SW1
  B:00A0H.1       PUBLIC        SW2
  B:00A0H.2       PUBLIC        SW3
  C:3021H         PUBLIC        _Find_Next_Clus
  B:00A0H.3       PUBLIC        SW4
  B:0090H.6       PUBLIC        SCK
  B:0090H.7       PUBLIC        MOSI_pin
  B:0090H.5       PUBLIC        MISO_pin
  B:0090H.2       PUBLIC        SCL
  C:36CAH         PUBLIC        _read32
  B:00B0H.3       PUBLIC        STA013_RESET
  B:00C8H.3       PUBLIC        EXEN2
  B:00B0H.2       PUBLIC        DATA_REQ
  C:3967H         PUBLIC        _read16
  B:0098H.4       PUBLIC        REN
  B:00A0H.2       PUBLIC        AD10
  B:00A0H.3       PUBLIC        AD11
  D:00C8H         PUBLIC        T2CON
  B:00A0H.4       PUBLIC        AD12
BL51 BANKED LINKER/LOCATER V4.02                                                      12/14/2015  14:50:22  PAGE 14


  B:00A0H.5       PUBLIC        AD13
  B:00A0H.6       PUBLIC        AD14
  B:00A0H.7       PUBLIC        AD15
  B:00B8H.4       PUBLIC        PLS
  B:00D0H.5       PUBLIC        F0
  B:00D0H.1       PUBLIC        F1
  D:00D0H         PUBLIC        PSW
  B:00D8H.0       PUBLIC        CCF0
  B:00D8H.1       PUBLIC        CCF1
  -------         PROC          L?0024
  -------         ENDPROC       L?0024
  -------         PROC          _READ8
  D:0006H         SYMBOL        offset
  D:0001H         SYMBOL        array_name
  -------         DO            array_name
  D:0007H         SYMBOL        return_val
  -------         ENDDO         return_val
  C:3A7BH         LINE#         25
  C:3A7BH         LINE#         26
  C:3A7BH         LINE#         28
  C:3A7EH         LINE#         29
  C:3A86H         LINE#         30
  C:3A86H         LINE#         31
  -------         ENDPROC       _READ8
  -------         PROC          _READ16
  D:0062H         SYMBOL        offset
  D:0064H         SYMBOL        array_name
  -------         DO            array_name
  D:0004H         SYMBOL        return_val
  D:0006H         SYMBOL        temp
  -------         ENDDO         temp
  C:3967H         LINE#         40
  C:3971H         LINE#         41
  C:3971H         LINE#         43
  C:3974H         LINE#         44
  C:3977H         LINE#         45
  C:3985H         LINE#         46
  C:3988H         LINE#         47
  C:3994H         LINE#         48
  C:3996H         LINE#         49
  C:399AH         LINE#         50
  -------         ENDPROC       _READ16
  -------         PROC          _READ32
  D:0062H         SYMBOL        offset
  D:0064H         SYMBOL        array_name
  -------         DO            array_name
  D:0067H         SYMBOL        return_val
  D:0003H         SYMBOL        temp
  D:006BH         SYMBOL        i
  -------         ENDDO         i
  C:36CAH         LINE#         59
  C:36D4H         LINE#         60
  C:36D4H         LINE#         63
  C:36DDH         LINE#         64
  C:36E0H         LINE#         65
  C:36E2H         LINE#         66
  C:36E2H         LINE#         67
BL51 BANKED LINKER/LOCATER V4.02                                                      12/14/2015  14:50:22  PAGE 15


  C:3702H         LINE#         68
  C:3717H         LINE#         69
  C:372BH         LINE#         70
  C:3732H         LINE#         71
  C:373AH         LINE#         72
  -------         ENDPROC       _READ32
  -------         PROC          _MOUNT_DRIVE
  D:003AH         SYMBOL        array_in
  -------         DO            array_in
  D:003CH         SYMBOL        TotSec
  D:0040H         SYMBOL        DataSec
  D:0044H         SYMBOL        CntClus
  D:0048H         SYMBOL        MBR_RelSec
  D:004CH         SYMBOL        FATSz
  D:0050H         SYMBOL        RootClus
  D:0054H         SYMBOL        RsvdSecCnt
  D:0056H         SYMBOL        RootEntCnt
  D:0004H         SYMBOL        temp16
  D:0058H         SYMBOL        NumFAT
  D:0059H         SYMBOL        temp8
  D:005AH         SYMBOL        values
  D:005DH         SYMBOL        Drive_p
  -------         ENDDO         Drive_p
  C:13FAH         LINE#         87
  C:13FEH         LINE#         88
  C:13FEH         LINE#         95
  C:1407H         LINE#         97
  C:1410H         LINE#         98
  C:1419H         LINE#         99
  C:1433H         LINE#         100
  C:1438H         LINE#         101
  C:1444H         LINE#         102
  C:1444H         LINE#         103
  C:1459H         LINE#         104
  C:146BH         LINE#         105
  C:1480H         LINE#         106
  C:1485H         LINE#         107
  C:1485H         LINE#         108
  C:1491H         LINE#         109
  C:1491H         LINE#         110
  C:149AH         LINE#         111
  C:149DH         LINE#         112
  C:149DH         LINE#         113
  C:14B9H         LINE#         114
  C:14C0H         LINE#         115
  C:14C9H         LINE#         116
  C:14CFH         LINE#         117
  C:14CFH         LINE#         118
  C:14DDH         LINE#         119
  C:14E4H         LINE#         120
  C:14E6H         LINE#         121
  C:14FDH         LINE#         122
  C:150EH         LINE#         123
  C:151DH         LINE#         124
  C:152EH         LINE#         125
  C:1544H         LINE#         126
  C:156AH         LINE#         127
BL51 BANKED LINKER/LOCATER V4.02                                                      12/14/2015  14:50:22  PAGE 16


  C:1580H         LINE#         128
  C:1592H         LINE#         129
  C:1592H         LINE#         130
  C:15A6H         LINE#         131
  C:15BBH         LINE#         132
  C:15BBH         LINE#         133
  C:15F5H         LINE#         134
  C:164CH         LINE#         135
  C:1672H         LINE#         136
  C:1691H         LINE#         137
  C:16E8H         LINE#         138
  C:16FDH         LINE#         139
  C:16FDH         LINE#         140
  C:170BH         LINE#         141
  C:1713H         LINE#         142
  C:171CH         LINE#         143
  C:1761H         LINE#         145
  C:1763H         LINE#         147
  C:1763H         LINE#         148
  C:1771H         LINE#         149
  C:1779H         LINE#         150
  C:1782H         LINE#         151
  C:17D9H         LINE#         152
  C:17D9H         LINE#         153
  C:17DBH         LINE#         154
  -------         ENDPROC       _MOUNT_DRIVE
  -------         PROC          _FIRST_SECTOR
  D:0050H         SYMBOL        Cluster_num
  -------         DO            Cluster_num
  D:0054H         SYMBOL        Sector_num
  D:0058H         SYMBOL        Drive_p
  -------         ENDDO         Drive_p
  C:3539H         LINE#         163
  C:3541H         LINE#         164
  C:3541H         LINE#         168
  C:354AH         LINE#         169
  C:355DH         LINE#         170
  C:355DH         LINE#         171
  C:3571H         LINE#         172
  C:3573H         LINE#         174
  C:3573H         LINE#         175
  C:35C2H         LINE#         176
  C:35C2H         LINE#         177
  C:35CAH         LINE#         178
  -------         ENDPROC       _FIRST_SECTOR
  -------         PROC          _FIND_NEXT_CLUS
  D:0050H         SYMBOL        Cluster_num
  D:0054H         SYMBOL        array_name
  -------         DO            array_name
  D:0004H         SYMBOL        Sector
  D:0056H         SYMBOL        return_clus
  D:005AH         SYMBOL        FAToffset
  D:005CH         SYMBOL        values
  D:005FH         SYMBOL        Drive_p
  -------         ENDDO         Drive_p
  C:3021H         LINE#         408
  C:3029H         LINE#         409
BL51 BANKED LINKER/LOCATER V4.02                                                      12/14/2015  14:50:22  PAGE 17


  C:3029H         LINE#         415
  C:3032H         LINE#         416
  C:303BH         LINE#         417
  C:306BH         LINE#         418
  C:3088H         LINE#         419
  C:30CDH         LINE#         420
  C:30DCH         LINE#         421
  C:30DCH         LINE#         422
  C:30F3H         LINE#         423
  C:30F5H         LINE#         424
  C:3104H         LINE#         425
  C:3104H         LINE#         426
  C:311AH         LINE#         427
  C:311AH         LINE#         428
  C:3122H         LINE#         429
  -------         ENDPROC       _FIND_NEXT_CLUS
  -------         ENDMOD        FILE_SYSTEM

  -------         MODULE        I2C
  C:0000H         SYMBOL        _ICE_DUMMY_
  B:00D8H.2       PUBLIC        CCF2
  B:00D8H.3       PUBLIC        CCF3
  D:0080H         PUBLIC        P0
  C:3A46H         PUBLIC        _I2C_clock_delay
  B:00D8H.4       PUBLIC        CCF4
  D:0090H         PUBLIC        P1
  D:00A0H         PUBLIC        P2
  D:00B0H         PUBLIC        P3
  B:00B0H.4       PUBLIC        T0
  B:00D0H.6       PUBLIC        AC
  B:00B0H.5       PUBLIC        T1
  B:00B0H.7       PUBLIC        nRD
  B:0090H.0       PUBLIC        T2
  B:00A8H.7       PUBLIC        EA
  B:00A8H.6       PUBLIC        EC
  B:00D8H.7       PUBLIC        CF
  B:0090H.6       PUBLIC        SCK_pin
  B:00B0H.2       PUBLIC        nINT0
  B:0098H.7       PUBLIC        FE
  B:00B0H.3       PUBLIC        nINT1
  C:33D3H         PUBLIC        _I2C_Write
  D:00A8H         PUBLIC        IEN0
  B:00B0H.0       PUBLIC        RxD
  B:0080H.0       PUBLIC        P0_0
  B:0080H.1       PUBLIC        P0_1
  B:00B0H.1       PUBLIC        TxD
  B:0090H.3       PUBLIC        CEX0
  B:0080H.2       PUBLIC        P0_2
  B:0090H.4       PUBLIC        CEX1
  B:0080H.3       PUBLIC        P0_3
  B:00C8H.0       PUBLIC        CP
  B:0080H.4       PUBLIC        P0_4
  B:0080H.5       PUBLIC        P0_5
  B:00D8H.6       PUBLIC        CR
  B:0080H.6       PUBLIC        P0_6
  B:00C8H.6       PUBLIC        EXF2
  D:00B8H         PUBLIC        IPL0
BL51 BANKED LINKER/LOCATER V4.02                                                      12/14/2015  14:50:22  PAGE 18


  B:00B0H.4       PUBLIC        P3_4
  B:0080H.7       PUBLIC        P0_7
  B:00B0H.5       PUBLIC        P3_5
  B:00B0H.6       PUBLIC        nWR
  B:00A8H.4       PUBLIC        ES
  B:00B0H.6       PUBLIC        P3_6
  B:00B0H.7       PUBLIC        P3_7
  B:0098H.0       PUBLIC        RI
  B:00D0H.7       PUBLIC        CY
  B:0098H.1       PUBLIC        TI
  B:00B8H.1       PUBLIC        PT0L
  B:00B8H.3       PUBLIC        PT1L
  B:00B8H.5       PUBLIC        PT2L
  B:0090H.1       PUBLIC        T2EX
  D:00D8H         PUBLIC        CCON
  B:00B0H.6       PUBLIC        RS
  B:00B8H.0       PUBLIC        PX0L
  B:00D0H.2       PUBLIC        OV
  B:0090H.1       PUBLIC        SS
  B:00B8H.2       PUBLIC        PX1L
  B:00C8H.5       PUBLIC        RCLK
  B:00C8H.4       PUBLIC        TCLK
  B:00B8H.6       PUBLIC        PPCL
  B:00A0H.4       PUBLIC        REDLED
  D:0098H         PUBLIC        SCON
  B:00A0H.5       PUBLIC        YELLOWLED
  B:0090H.0       PUBLIC        nCS0
  B:0080H.0       PUBLIC        AD0
  D:0089H         PUBLIC        TMOD
  D:0088H         PUBLIC        TCON
  B:0080H.1       PUBLIC        AD1
  B:0080H.2       PUBLIC        AD2
  B:00B0H.1       PUBLIC        RxD_pin
  B:00C8H.1       PUBLIC        CnT2
  B:0080H.3       PUBLIC        AD3
  B:0090H.5       PUBLIC        MISO
  B:0090H.7       PUBLIC        MOSI
  B:0080H.4       PUBLIC        AD4
  B:00B0H.0       PUBLIC        TxD_pin
  B:0080H.5       PUBLIC        AD5
  B:0080H.6       PUBLIC        AD6
  B:0080H.7       PUBLIC        AD7
  B:00A0H.0       PUBLIC        AD8
  B:00A0H.1       PUBLIC        AD9
  B:0088H.1       PUBLIC        IE0
  B:00A0H.6       PUBLIC        AMBERLED
  B:0088H.3       PUBLIC        IE1
  C:3A9BH         PUBLIC        I2C_clock_start
  B:00B0H.7       PUBLIC        E
  B:00A0H.7       PUBLIC        GREENLED
  B:00A8H.1       PUBLIC        ET0
  B:00A8H.3       PUBLIC        ET1
  B:0088H.5       PUBLIC        TF0
  B:00A8H.5       PUBLIC        ET2
  B:0088H.7       PUBLIC        TF1
  B:00C8H.7       PUBLIC        TF2
  B:0098H.2       PUBLIC        RB8
BL51 BANKED LINKER/LOCATER V4.02                                                      12/14/2015  14:50:22  PAGE 19


  D:008CH         PUBLIC        TH0
  B:00A8H.0       PUBLIC        EX0
  B:0088H.0       PUBLIC        IT0
  B:0098H.3       PUBLIC        TB8
  B:00A8H.2       PUBLIC        EX1
  B:0088H.2       PUBLIC        IT1
  B:00D0H.0       PUBLIC        P
  B:0098H.7       PUBLIC        SM0
  D:008AH         PUBLIC        TL0
  B:0090H.2       PUBLIC        ECI
  B:0098H.6       PUBLIC        SM1
  B:0098H.5       PUBLIC        SM2
  B:0090H.4       PUBLIC        BIT_EN
  B:00D0H.3       PUBLIC        RS0
  B:0088H.4       PUBLIC        TR0
  B:00D0H.4       PUBLIC        RS1
  B:0088H.6       PUBLIC        TR1
  B:0090H.1       PUBLIC        SDA
  B:00C8H.2       PUBLIC        TR2
  B:00A0H.0       PUBLIC        SW1
  B:00A0H.1       PUBLIC        SW2
  B:00A0H.2       PUBLIC        SW3
  B:00A0H.3       PUBLIC        SW4
  B:0090H.6       PUBLIC        SCK
  B:0090H.7       PUBLIC        MOSI_pin
  B:0090H.5       PUBLIC        MISO_pin
  B:0090H.2       PUBLIC        SCL
  B:00B0H.3       PUBLIC        STA013_RESET
  B:00C8H.3       PUBLIC        EXEN2
  B:00B0H.2       PUBLIC        DATA_REQ
  B:0098H.4       PUBLIC        REN
  B:00A0H.2       PUBLIC        AD10
  B:00A0H.3       PUBLIC        AD11
  D:00C8H         PUBLIC        T2CON
  B:00A0H.4       PUBLIC        AD12
  B:00A0H.5       PUBLIC        AD13
  B:00A0H.6       PUBLIC        AD14
  B:00A0H.7       PUBLIC        AD15
  B:00B8H.4       PUBLIC        PLS
  B:00D0H.5       PUBLIC        F0
  B:00D0H.1       PUBLIC        F1
  D:00D0H         PUBLIC        PSW
  C:2CEAH         PUBLIC        _I2C_Read
  B:00D8H.0       PUBLIC        CCF0
  B:00D8H.1       PUBLIC        CCF1
  -------         PROC          _I2C_WRITE
  D:0041H         SYMBOL        device_addr
  D:0042H         SYMBOL        num_bytes
  D:0043H         SYMBOL        send_array
  -------         DO            send_array
  D:0046H         SYMBOL        send_val
  D:0047H         SYMBOL        return_val
  D:0048H         SYMBOL        num_bits
  D:0049H         SYMBOL        send_bit
  D:004AH         SYMBOL        sent_bit
  -------         ENDDO         sent_bit
  C:33D3H         LINE#         31
BL51 BANKED LINKER/LOCATER V4.02                                                      12/14/2015  14:50:22  PAGE 20


  C:33DDH         LINE#         32
  C:33DDH         LINE#         35
  C:33DFH         LINE#         36
  C:33E1H         LINE#         37
  C:33E4H         LINE#         38
  C:33F0H         LINE#         39
  C:33F0H         LINE#         40
  C:33F3H         LINE#         41
  C:33F9H         LINE#         42
  C:33FCH         LINE#         44
  C:33FEH         LINE#         45
  C:3400H         LINE#         47
  C:3400H         LINE#         48
  C:3403H         LINE#         50
  C:3403H         LINE#         51
  C:3408H         LINE#         52
  C:340AH         LINE#         53
  C:340CH         LINE#         54
  C:341DH         LINE#         55
  C:341DH         LINE#         56
  C:3420H         LINE#         57
  C:3422H         LINE#         58
  C:3425H         LINE#         59
  C:342BH         LINE#         60
  C:3432H         LINE#         61
  C:343DH         LINE#         62
  C:3442H         LINE#         63
  C:3444H         LINE#         64
  C:3446H         LINE#         65
  C:3448H         LINE#         66
  C:3453H         LINE#         67
  C:345EH         LINE#         68
  C:3463H         LINE#         69
  C:3465H         LINE#         70
  C:3468H         LINE#         71
  C:346EH         LINE#         72
  C:3473H         LINE#         73
  C:347EH         LINE#         75
  C:3483H         LINE#         76
  C:3485H         LINE#         77
  C:3487H         LINE#         78
  C:348CH         LINE#         79
  C:348EH         LINE#         80
  C:3491H         LINE#         81
  C:3496H         LINE#         82
  C:3498H         LINE#         83
  C:349AH         LINE#         85
  C:349AH         LINE#         86
  C:349DH         LINE#         87
  C:349DH         LINE#         88
  C:349FH         LINE#         89
  -------         ENDPROC       _I2C_WRITE
  -------         PROC          _I2C_READ
  D:0041H         SYMBOL        device_addr
  D:0042H         SYMBOL        num_bytes
  D:0043H         SYMBOL        rec_array
  -------         DO            rec_array
BL51 BANKED LINKER/LOCATER V4.02                                                      12/14/2015  14:50:22  PAGE 21


  D:0046H         SYMBOL        send_val
  D:0047H         SYMBOL        return_val
  D:0048H         SYMBOL        num_bits
  D:0049H         SYMBOL        send_bit
  D:004AH         SYMBOL        sent_bit
  D:004BH         SYMBOL        rcv_val
  -------         ENDDO         rcv_val
  C:2CEAH         LINE#         100
  C:2CF4H         LINE#         101
  C:2CF4H         LINE#         104
  C:2CF6H         LINE#         105
  C:2CF8H         LINE#         106
  C:2CFBH         LINE#         107
  C:2D07H         LINE#         108
  C:2D07H         LINE#         109
  C:2D0AH         LINE#         110
  C:2D10H         LINE#         111
  C:2D13H         LINE#         113
  C:2D15H         LINE#         115
  C:2D18H         LINE#         117
  C:2D18H         LINE#         118
  C:2D1DH         LINE#         119
  C:2D1FH         LINE#         120
  C:2D21H         LINE#         121
  C:2D32H         LINE#         122
  C:2D32H         LINE#         123
  C:2D35H         LINE#         124
  C:2D37H         LINE#         125
  C:2D3AH         LINE#         126
  C:2D40H         LINE#         127
  C:2D47H         LINE#         128
  C:2D52H         LINE#         129
  C:2D57H         LINE#         130
  C:2D59H         LINE#         131
  C:2D5BH         LINE#         132
  C:2D60H         LINE#         133
  C:2D62H         LINE#         134
  C:2D65H         LINE#         135
  C:2D6BH         LINE#         136
  C:2D70H         LINE#         137
  C:2D7BH         LINE#         138
  C:2D7BH         LINE#         139
  C:2D7EH         LINE#         141
  C:2D7EH         LINE#         142
  C:2D83H         LINE#         143
  C:2D85H         LINE#         144
  C:2D87H         LINE#         145
  C:2D89H         LINE#         146
  C:2D8FH         LINE#         147
  C:2D94H         LINE#         148
  C:2D96H         LINE#         149
  C:2D99H         LINE#         150
  C:2D9FH         LINE#         151
  C:2DA1H         LINE#         152
  C:2DA8H         LINE#         153
  C:2DB3H         LINE#         154
  C:2DBEH         LINE#         155
BL51 BANKED LINKER/LOCATER V4.02                                                      12/14/2015  14:50:22  PAGE 22


  C:2DC3H         LINE#         156
  C:2DC3H         LINE#         157
  C:2DC6H         LINE#         158
  C:2DC8H         LINE#         160
  C:2DC8H         LINE#         161
  C:2DCBH         LINE#         162
  C:2DCBH         LINE#         163
  C:2DD0H         LINE#         164
  C:2DD2H         LINE#         165
  C:2DD4H         LINE#         166
  C:2DD7H         LINE#         167
  C:2DD9H         LINE#         168
  C:2DDCH         LINE#         169
  C:2DDEH         LINE#         170
  C:2DE0H         LINE#         172
  C:2DE5H         LINE#         173
  C:2DE7H         LINE#         174
  C:2DE9H         LINE#         175
  C:2DEEH         LINE#         176
  C:2DF0H         LINE#         177
  C:2DF3H         LINE#         178
  C:2DF8H         LINE#         179
  C:2DFAH         LINE#         180
  C:2DFCH         LINE#         182
  C:2DFCH         LINE#         183
  C:2DFFH         LINE#         184
  C:2DFFH         LINE#         185
  C:2E01H         LINE#         186
  -------         ENDPROC       _I2C_READ
  -------         PROC          I2C_CLOCK_START
  C:3A9BH         LINE#         196
  C:3A9BH         LINE#         197
  C:3A9BH         LINE#         199
  C:3A9EH         LINE#         200
  C:3AA1H         LINE#         202
  C:3AA3H         LINE#         204
  C:3AA6H         LINE#         205
  C:3AA9H         LINE#         207
  C:3AABH         LINE#         208
  C:3AADH         LINE#         209
  -------         ENDPROC       I2C_CLOCK_START
  -------         PROC          L?0056
  -------         ENDPROC       L?0056
  -------         PROC          _I2C_CLOCK_DELAY
  D:0007H         SYMBOL        control
  C:3A46H         LINE#         221
  C:3A46H         LINE#         222
  C:3A46H         LINE#         223
  C:3A49H         LINE#         224
  C:3A49H         LINE#         225
  C:3A4CH         LINE#         226
  C:3A4CH         LINE#         228
  C:3A4EH         LINE#         229
  C:3A51H         LINE#         230
  C:3A51H         LINE#         231
  C:3A54H         LINE#         232
  C:3A57H         LINE#         234
BL51 BANKED LINKER/LOCATER V4.02                                                      12/14/2015  14:50:22  PAGE 23


  C:3A59H         LINE#         235
  C:3A5BH         LINE#         236
  C:3A5BH         LINE#         237
  -------         ENDPROC       _I2C_CLOCK_DELAY
  -------         ENDMOD        I2C

  -------         MODULE        I2C_TEST
  C:0000H         SYMBOL        _ICE_DUMMY_
  B:00D8H.2       PUBLIC        CCF2
  B:00D8H.3       PUBLIC        CCF3
  D:0080H         PUBLIC        P0
  B:00D8H.4       PUBLIC        CCF4
  D:0090H         PUBLIC        P1
  D:00A0H         PUBLIC        P2
  D:00B0H         PUBLIC        P3
  B:00B0H.4       PUBLIC        T0
  B:00D0H.6       PUBLIC        AC
  B:00B0H.5       PUBLIC        T1
  B:00B0H.7       PUBLIC        nRD
  B:0090H.0       PUBLIC        T2
  B:00A8H.7       PUBLIC        EA
  B:00A8H.6       PUBLIC        EC
  B:00D8H.7       PUBLIC        CF
  B:0090H.6       PUBLIC        SCK_pin
  B:00B0H.2       PUBLIC        nINT0
  B:0098H.7       PUBLIC        FE
  B:00B0H.3       PUBLIC        nINT1
  D:00A8H         PUBLIC        IEN0
  B:00B0H.0       PUBLIC        RxD
  B:0080H.0       PUBLIC        P0_0
  B:0080H.1       PUBLIC        P0_1
  B:00B0H.1       PUBLIC        TxD
  B:0090H.3       PUBLIC        CEX0
  B:0080H.2       PUBLIC        P0_2
  B:0090H.4       PUBLIC        CEX1
  B:0080H.3       PUBLIC        P0_3
  B:00C8H.0       PUBLIC        CP
  B:0080H.4       PUBLIC        P0_4
  B:0080H.5       PUBLIC        P0_5
  B:00D8H.6       PUBLIC        CR
  B:0080H.6       PUBLIC        P0_6
  B:00C8H.6       PUBLIC        EXF2
  D:00B8H         PUBLIC        IPL0
  B:00B0H.4       PUBLIC        P3_4
  B:0080H.7       PUBLIC        P0_7
  B:00B0H.5       PUBLIC        P3_5
  B:00B0H.6       PUBLIC        nWR
  B:00A8H.4       PUBLIC        ES
  B:00B0H.6       PUBLIC        P3_6
  B:00B0H.7       PUBLIC        P3_7
  B:0098H.0       PUBLIC        RI
  B:00D0H.7       PUBLIC        CY
  B:0098H.1       PUBLIC        TI
  D:008FH         PUBLIC        CKCON0
  B:00B8H.1       PUBLIC        PT0L
  B:00B8H.3       PUBLIC        PT1L
  B:00B8H.5       PUBLIC        PT2L
BL51 BANKED LINKER/LOCATER V4.02                                                      12/14/2015  14:50:22  PAGE 24


  B:0090H.1       PUBLIC        T2EX
  D:00D8H         PUBLIC        CCON
  B:00B0H.6       PUBLIC        RS
  B:00B8H.0       PUBLIC        PX0L
  B:00D0H.2       PUBLIC        OV
  B:0090H.1       PUBLIC        SS
  B:00B8H.2       PUBLIC        PX1L
  C:26E6H         PUBLIC        main
  B:00C8H.5       PUBLIC        RCLK
  B:00C8H.4       PUBLIC        TCLK
  B:00B8H.6       PUBLIC        PPCL
  B:00A0H.4       PUBLIC        REDLED
  D:0098H         PUBLIC        SCON
  B:00A0H.5       PUBLIC        YELLOWLED
  B:0090H.0       PUBLIC        nCS0
  B:0080H.0       PUBLIC        AD0
  D:0088H         PUBLIC        TCON
  B:0080H.1       PUBLIC        AD1
  B:0080H.2       PUBLIC        AD2
  B:00B0H.1       PUBLIC        RxD_pin
  B:00C8H.1       PUBLIC        CnT2
  B:0080H.3       PUBLIC        AD3
  B:0090H.5       PUBLIC        MISO
  B:0090H.7       PUBLIC        MOSI
  B:0080H.4       PUBLIC        AD4
  B:00B0H.0       PUBLIC        TxD_pin
  B:0080H.5       PUBLIC        AD5
  B:0080H.6       PUBLIC        AD6
  B:0080H.7       PUBLIC        AD7
  B:00A0H.0       PUBLIC        AD8
  B:00A0H.1       PUBLIC        AD9
  B:0088H.1       PUBLIC        IE0
  B:00A0H.6       PUBLIC        AMBERLED
  B:0088H.3       PUBLIC        IE1
  D:008EH         PUBLIC        AUXR
  B:00B0H.7       PUBLIC        E
  B:00A0H.7       PUBLIC        GREENLED
  B:00A8H.1       PUBLIC        ET0
  B:00A8H.3       PUBLIC        ET1
  B:0088H.5       PUBLIC        TF0
  B:00A8H.5       PUBLIC        ET2
  B:0088H.7       PUBLIC        TF1
  B:00C8H.7       PUBLIC        TF2
  B:0098H.2       PUBLIC        RB8
  B:00A8H.0       PUBLIC        EX0
  B:0088H.0       PUBLIC        IT0
  B:0098H.3       PUBLIC        TB8
  B:00A8H.2       PUBLIC        EX1
  B:0088H.2       PUBLIC        IT1
  B:00D0H.0       PUBLIC        P
  B:0098H.7       PUBLIC        SM0
  B:0090H.2       PUBLIC        ECI
  B:0098H.6       PUBLIC        SM1
  B:0098H.5       PUBLIC        SM2
  B:0090H.4       PUBLIC        BIT_EN
  B:00D0H.3       PUBLIC        RS0
  B:0088H.4       PUBLIC        TR0
BL51 BANKED LINKER/LOCATER V4.02                                                      12/14/2015  14:50:22  PAGE 25


  B:00D0H.4       PUBLIC        RS1
  B:0088H.6       PUBLIC        TR1
  B:0090H.1       PUBLIC        SDA
  B:00C8H.2       PUBLIC        TR2
  B:00A0H.0       PUBLIC        SW1
  B:00A0H.1       PUBLIC        SW2
  B:00A0H.2       PUBLIC        SW3
  B:00A0H.3       PUBLIC        SW4
  B:0090H.6       PUBLIC        SCK
  B:0090H.7       PUBLIC        MOSI_pin
  B:0090H.5       PUBLIC        MISO_pin
  B:0090H.2       PUBLIC        SCL
  B:00B0H.3       PUBLIC        STA013_RESET
  B:00C8H.3       PUBLIC        EXEN2
  B:00B0H.2       PUBLIC        DATA_REQ
  B:0098H.4       PUBLIC        REN
  B:00A0H.2       PUBLIC        AD10
  B:00A0H.3       PUBLIC        AD11
  D:00C8H         PUBLIC        T2CON
  B:00A0H.4       PUBLIC        AD12
  B:00A0H.5       PUBLIC        AD13
  B:00A0H.6       PUBLIC        AD14
  B:00A0H.7       PUBLIC        AD15
  X:0000H         PUBLIC        buf1
  B:00B8H.4       PUBLIC        PLS
  X:0200H         PUBLIC        buf2
  B:00D0H.5       PUBLIC        F0
  B:00D0H.1       PUBLIC        F1
  D:00D0H         PUBLIC        PSW
  B:00D8H.0       PUBLIC        CCF0
  B:00D8H.1       PUBLIC        CCF1
  -------         PROC          MAIN
  -------         DO            MAIN
  D:0022H         SYMBOL        Current_directory
  D:0026H         SYMBOL        Entry_clus
  D:002AH         SYMBOL        i
  D:002CH         SYMBOL        num_entries
  D:002EH         SYMBOL        entry_num
  D:0030H         SYMBOL        error_flag
  D:0031H         SYMBOL        file_name
  D:0039H         SYMBOL        j
  D:0007H         SYMBOL        temp8
  D:0001H         SYMBOL        Drive_p
  -------         ENDDO         Drive_p
  C:26E6H         LINE#         26
  C:26E6H         LINE#         27
  C:26E6H         LINE#         33
  C:26E8H         LINE#         34
  C:26EAH         LINE#         35
  C:26ECH         LINE#         36
  C:26EEH         LINE#         37
  C:26F0H         LINE#         38
  C:26F5H         LINE#         39
  C:2712H         LINE#         40
  C:2714H         LINE#         41
  C:2717H         LINE#         42
  C:2717H         LINE#         43
BL51 BANKED LINKER/LOCATER V4.02                                                      12/14/2015  14:50:22  PAGE 26


  C:2717H         LINE#         44
  C:271AH         LINE#         45
  C:271AH         LINE#         46
  C:271AH         LINE#         47
  C:271AH         LINE#         48
  C:271AH         LINE#         49
  C:271AH         LINE#         50
  C:271DH         LINE#         51
  C:2720H         LINE#         52
  C:2729H         LINE#         53
  C:2736H         LINE#         54
  C:273AH         LINE#         55
  C:273AH         LINE#         56
  C:273CH         LINE#         57
  C:273EH         LINE#         58
  C:273EH         LINE#         59
  C:2747H         LINE#         60
  C:274CH         LINE#         61
  C:2750H         LINE#         62
  C:2750H         LINE#         63
  C:2752H         LINE#         64
  C:2754H         LINE#         65
  C:2754H         LINE#         66
  C:2761H         LINE#         67
  C:2765H         LINE#         68
  C:2765H         LINE#         69
  C:2767H         LINE#         70
  C:2769H         LINE#         71
  C:2769H         LINE#         72
  C:276EH         LINE#         73
  C:276EH         LINE#         74
  C:277DH         LINE#         75
  C:278CH         LINE#         76
  C:279CH         LINE#         77
  C:27A5H         LINE#         78
  C:27A9H         LINE#         79
  C:27A9H         LINE#         80
  C:27ABH         LINE#         81
  C:27ADH         LINE#         82
  C:27ADH         LINE#         83
  C:27B0H         LINE#         84
  C:27BEH         LINE#         88
  C:27C1H         LINE#         91
  C:27C1H         LINE#         92
  C:27C1H         LINE#         93
  C:27C6H         LINE#         94
  C:27C8H         LINE#         95
  C:27DDH         LINE#         96
  C:27F2H         LINE#         97
  C:27FBH         LINE#         98
  C:2802H         LINE#         102
  C:2810H         LINE#         103
  C:2810H         LINE#         104
  C:282FH         LINE#         105
  C:283AH         LINE#         106
  C:283AH         LINE#         107
  C:284CH         LINE#         108
BL51 BANKED LINKER/LOCATER V4.02                                                      12/14/2015  14:50:22  PAGE 27


  C:285EH         LINE#         109
  C:2861H         LINE#         111
  C:2861H         LINE#         112
  C:287DH         LINE#         115
  C:287DH         LINE#         116
  C:287DH         LINE#         117
  C:288AH         LINE#         118
  C:2894H         LINE#         119
  C:2894H         LINE#         120
  C:2896H         LINE#         122
  C:28A1H         LINE#         123
  C:28AAH         LINE#         124
  C:28AAH         LINE#         125
  C:28ACH         LINE#         126
  C:28ACH         LINE#         127
  C:28CFH         LINE#         128
  C:28DAH         LINE#         129
  C:28DAH         LINE#         130
  C:28DAH         LINE#         131
  C:28DAH         LINE#         133
  C:28DAH         LINE#         134
  C:28E5H         LINE#         135
  C:28E5H         LINE#         136
  C:28E7H         LINE#         138
  C:28EFH         LINE#         139
  C:28FAH         LINE#         140
  C:2905H         LINE#         141
  C:2905H         LINE#         143
  C:2908H         LINE#         145
  C:2908H         LINE#         146
  C:2911H         LINE#         147
  C:2911H         LINE#         148
  -------         ENDPROC       MAIN
  -------         ENDMOD        I2C_TEST

  -------         MODULE        LONG_SERIAL_IN
  C:0000H         SYMBOL        _ICE_DUMMY_
  B:00D8H.2       PUBLIC        CCF2
  B:00D8H.3       PUBLIC        CCF3
  D:0080H         PUBLIC        P0
  B:00D8H.4       PUBLIC        CCF4
  D:0090H         PUBLIC        P1
  D:00A0H         PUBLIC        P2
  D:00B0H         PUBLIC        P3
  B:00B0H.4       PUBLIC        T0
  B:00D0H.6       PUBLIC        AC
  B:00B0H.5       PUBLIC        T1
  B:00B0H.7       PUBLIC        nRD
  B:0090H.0       PUBLIC        T2
  B:00A8H.7       PUBLIC        EA
  B:00A8H.6       PUBLIC        EC
  B:00D8H.7       PUBLIC        CF
  B:00B0H.2       PUBLIC        nINT0
  B:0098H.7       PUBLIC        FE
  B:00B0H.3       PUBLIC        nINT1
  D:00A8H         PUBLIC        IEN0
  B:00B0H.0       PUBLIC        RxD
BL51 BANKED LINKER/LOCATER V4.02                                                      12/14/2015  14:50:22  PAGE 28


  B:00B0H.1       PUBLIC        TxD
  B:0090H.3       PUBLIC        CEX0
  B:0090H.4       PUBLIC        CEX1
  B:00C8H.0       PUBLIC        CP
  B:00D8H.6       PUBLIC        CR
  B:00C8H.6       PUBLIC        EXF2
  D:00B8H         PUBLIC        IPL0
  B:00B0H.6       PUBLIC        nWR
  B:00A8H.4       PUBLIC        ES
  B:0098H.0       PUBLIC        RI
  B:00D0H.7       PUBLIC        CY
  B:0098H.1       PUBLIC        TI
  B:00B8H.1       PUBLIC        PT0L
  B:00B8H.3       PUBLIC        PT1L
  B:00B8H.5       PUBLIC        PT2L
  B:0090H.1       PUBLIC        T2EX
  D:00D8H         PUBLIC        CCON
  B:00B8H.0       PUBLIC        PX0L
  B:00D0H.2       PUBLIC        OV
  B:0090H.1       PUBLIC        SS
  B:00B8H.2       PUBLIC        PX1L
  C:3300H         PUBLIC        long_serial_input
  B:00C8H.5       PUBLIC        RCLK
  B:00C8H.4       PUBLIC        TCLK
  B:00B8H.6       PUBLIC        PPCL
  D:0098H         PUBLIC        SCON
  B:0080H.0       PUBLIC        AD0
  D:0088H         PUBLIC        TCON
  B:0080H.1       PUBLIC        AD1
  B:0080H.2       PUBLIC        AD2
  B:00C8H.1       PUBLIC        CnT2
  B:0080H.3       PUBLIC        AD3
  B:0090H.5       PUBLIC        MISO
  B:0090H.7       PUBLIC        MOSI
  B:0080H.4       PUBLIC        AD4
  B:0080H.5       PUBLIC        AD5
  B:0080H.6       PUBLIC        AD6
  B:0080H.7       PUBLIC        AD7
  B:00A0H.0       PUBLIC        AD8
  B:00A0H.1       PUBLIC        AD9
  B:0088H.1       PUBLIC        IE0
  B:0088H.3       PUBLIC        IE1
  B:00A8H.1       PUBLIC        ET0
  B:00A8H.3       PUBLIC        ET1
  B:0088H.5       PUBLIC        TF0
  B:00A8H.5       PUBLIC        ET2
  B:0088H.7       PUBLIC        TF1
  B:00C8H.7       PUBLIC        TF2
  B:0098H.2       PUBLIC        RB8
  B:00A8H.0       PUBLIC        EX0
  B:0088H.0       PUBLIC        IT0
  B:0098H.3       PUBLIC        TB8
  B:00A8H.2       PUBLIC        EX1
  B:0088H.2       PUBLIC        IT1
  B:00D0H.0       PUBLIC        P
  B:0098H.7       PUBLIC        SM0
  B:0090H.2       PUBLIC        ECI
BL51 BANKED LINKER/LOCATER V4.02                                                      12/14/2015  14:50:22  PAGE 29


  B:0098H.6       PUBLIC        SM1
  B:0098H.5       PUBLIC        SM2
  B:00D0H.3       PUBLIC        RS0
  B:0088H.4       PUBLIC        TR0
  B:00D0H.4       PUBLIC        RS1
  B:0088H.6       PUBLIC        TR1
  B:00C8H.2       PUBLIC        TR2
  B:0090H.6       PUBLIC        SCK
  B:00C8H.3       PUBLIC        EXEN2
  B:0098H.4       PUBLIC        REN
  B:00A0H.2       PUBLIC        AD10
  B:00A0H.3       PUBLIC        AD11
  D:00C8H         PUBLIC        T2CON
  B:00A0H.4       PUBLIC        AD12
  B:00A0H.5       PUBLIC        AD13
  B:00A0H.6       PUBLIC        AD14
  B:00A0H.7       PUBLIC        AD15
  B:00B8H.4       PUBLIC        PLS
  B:00D0H.5       PUBLIC        F0
  B:00D0H.1       PUBLIC        F1
  D:00D0H         PUBLIC        PSW
  B:00D8H.0       PUBLIC        CCF0
  B:00D8H.1       PUBLIC        CCF1
  -------         PROC          LONG_SERIAL_INPUT
  -------         DO            LONG_SERIAL_INPUT
  D:003AH         SYMBOL        index
  D:003BH         SYMBOL        input
  D:003CH         SYMBOL        input_values
  D:0047H         SYMBOL        output_value
  -------         ENDDO         output_value
  C:3300H         LINE#         15
  C:3300H         LINE#         16
  C:3300H         LINE#         19
  C:3303H         LINE#         20
  C:3303H         LINE#         21
  C:330AH         LINE#         22
  C:3311H         LINE#         23
  C:331BH         LINE#         24
  C:331EH         LINE#         26
  C:331EH         LINE#         27
  C:3323H         LINE#         28
  C:3331H         LINE#         29
  C:3331H         LINE#         30
  C:3338H         LINE#         31
  C:333AH         LINE#         32
  C:333CH         LINE#         33
  C:3347H         LINE#         34
  C:3347H         LINE#         35
  C:3349H         LINE#         36
  C:3350H         LINE#         37
  C:3355H         LINE#         38
  C:335AH         LINE#         39
  C:335CH         LINE#         40
  C:3367H         LINE#         41
  C:3367H         LINE#         42
  C:3378H         LINE#         43
  C:337DH         LINE#         44
BL51 BANKED LINKER/LOCATER V4.02                                                      12/14/2015  14:50:22  PAGE 30


  C:3382H         LINE#         45
  C:3384H         LINE#         47
  C:3384H         LINE#         48
  C:3389H         LINE#         49
  C:338EH         LINE#         50
  C:3393H         LINE#         51
  C:3393H         LINE#         52
  C:3398H         LINE#         53
  C:3398H         LINE#         54
  C:33A9H         LINE#         55
  C:33AEH         LINE#         56
  C:33B3H         LINE#         57
  C:33B3H         LINE#         58
  C:33CAH         LINE#         60
  C:33D2H         LINE#         61
  -------         ENDPROC       LONG_SERIAL_INPUT
  -------         ENDMOD        LONG_SERIAL_IN

  -------         MODULE        PLAY_SONG
  C:0000H         SYMBOL        _ICE_DUMMY_
  B:00D8H.2       PUBLIC        CCF2
  B:00D8H.3       PUBLIC        CCF3
  D:0080H         PUBLIC        P0
  B:00D8H.4       PUBLIC        CCF4
  D:0090H         PUBLIC        P1
  D:00A0H         PUBLIC        P2
  D:00B0H         PUBLIC        P3
  B:00B0H.4       PUBLIC        T0
  B:00D0H.6       PUBLIC        AC
  B:00B0H.5       PUBLIC        T1
  B:00B0H.7       PUBLIC        nRD
  B:0090H.0       PUBLIC        T2
  B:00A8H.7       PUBLIC        EA
  B:00A8H.6       PUBLIC        EC
  B:00D8H.7       PUBLIC        CF
  B:0090H.6       PUBLIC        SCK_pin
  B:00B0H.2       PUBLIC        nINT0
  B:0098H.7       PUBLIC        FE
  B:00B0H.3       PUBLIC        nINT1
  D:00A8H         PUBLIC        IEN0
  B:00B0H.0       PUBLIC        RxD
  B:0080H.0       PUBLIC        P0_0
  B:0080H.1       PUBLIC        P0_1
  B:00B0H.1       PUBLIC        TxD
  B:0090H.3       PUBLIC        CEX0
  B:0080H.2       PUBLIC        P0_2
  B:0090H.4       PUBLIC        CEX1
  B:0080H.3       PUBLIC        P0_3
  B:00C8H.0       PUBLIC        CP
  B:0080H.4       PUBLIC        P0_4
  B:0080H.5       PUBLIC        P0_5
  B:00D8H.6       PUBLIC        CR
  B:0080H.6       PUBLIC        P0_6
  B:00C8H.6       PUBLIC        EXF2
  D:00B8H         PUBLIC        IPL0
  B:00B0H.4       PUBLIC        P3_4
  B:0080H.7       PUBLIC        P0_7
BL51 BANKED LINKER/LOCATER V4.02                                                      12/14/2015  14:50:22  PAGE 31


  B:00B0H.5       PUBLIC        P3_5
  B:00B0H.6       PUBLIC        nWR
  B:00A8H.4       PUBLIC        ES
  B:00B0H.6       PUBLIC        P3_6
  B:00B0H.7       PUBLIC        P3_7
  B:0098H.0       PUBLIC        RI
  B:00D0H.7       PUBLIC        CY
  B:0098H.1       PUBLIC        TI
  B:00B8H.1       PUBLIC        PT0L
  B:00B8H.3       PUBLIC        PT1L
  B:00B8H.5       PUBLIC        PT2L
  B:0090H.1       PUBLIC        T2EX
  D:00D8H         PUBLIC        CCON
  B:00B0H.6       PUBLIC        RS
  B:00B8H.0       PUBLIC        PX0L
  B:00D0H.2       PUBLIC        OV
  B:0090H.1       PUBLIC        SS
  B:00B8H.2       PUBLIC        PX1L
  B:00C8H.5       PUBLIC        RCLK
  B:00C8H.4       PUBLIC        TCLK
  B:00B8H.6       PUBLIC        PPCL
  B:00A0H.4       PUBLIC        REDLED
  D:0098H         PUBLIC        SCON
  B:00A0H.5       PUBLIC        YELLOWLED
  B:0090H.0       PUBLIC        nCS0
  B:0080H.0       PUBLIC        AD0
  D:0088H         PUBLIC        TCON
  B:0080H.1       PUBLIC        AD1
  B:0080H.2       PUBLIC        AD2
  B:00B0H.1       PUBLIC        RxD_pin
  B:00C8H.1       PUBLIC        CnT2
  B:0080H.3       PUBLIC        AD3
  B:0090H.5       PUBLIC        MISO
  B:0090H.7       PUBLIC        MOSI
  B:0080H.4       PUBLIC        AD4
  B:00B0H.0       PUBLIC        TxD_pin
  B:0080H.5       PUBLIC        AD5
  B:0080H.6       PUBLIC        AD6
  B:0080H.7       PUBLIC        AD7
  B:00A0H.0       PUBLIC        AD8
  B:00A0H.1       PUBLIC        AD9
  B:0088H.1       PUBLIC        IE0
  B:00A0H.6       PUBLIC        AMBERLED
  B:0088H.3       PUBLIC        IE1
  B:00B0H.7       PUBLIC        E
  B:00A0H.7       PUBLIC        GREENLED
  B:00A8H.1       PUBLIC        ET0
  B:00A8H.3       PUBLIC        ET1
  B:0088H.5       PUBLIC        TF0
  B:00A8H.5       PUBLIC        ET2
  B:0088H.7       PUBLIC        TF1
  B:00C8H.7       PUBLIC        TF2
  B:0098H.2       PUBLIC        RB8
  B:00A8H.0       PUBLIC        EX0
  B:0088H.0       PUBLIC        IT0
  B:0098H.3       PUBLIC        TB8
  B:00A8H.2       PUBLIC        EX1
BL51 BANKED LINKER/LOCATER V4.02                                                      12/14/2015  14:50:22  PAGE 32


  B:0088H.2       PUBLIC        IT1
  B:00D0H.0       PUBLIC        P
  B:0098H.7       PUBLIC        SM0
  B:0090H.2       PUBLIC        ECI
  B:0098H.6       PUBLIC        SM1
  B:0098H.5       PUBLIC        SM2
  B:0090H.4       PUBLIC        BIT_EN
  B:00D0H.3       PUBLIC        RS0
  B:0088H.4       PUBLIC        TR0
  B:00D0H.4       PUBLIC        RS1
  B:0088H.6       PUBLIC        TR1
  B:0090H.1       PUBLIC        SDA
  B:00C8H.2       PUBLIC        TR2
  B:00A0H.0       PUBLIC        SW1
  B:00A0H.1       PUBLIC        SW2
  B:00A0H.2       PUBLIC        SW3
  B:00A0H.3       PUBLIC        SW4
  B:0090H.6       PUBLIC        SCK
  B:0090H.7       PUBLIC        MOSI_pin
  B:0090H.5       PUBLIC        MISO_pin
  B:0090H.2       PUBLIC        SCL
  B:00B0H.3       PUBLIC        STA013_RESET
  B:00C8H.3       PUBLIC        EXEN2
  B:00B0H.2       PUBLIC        DATA_REQ
  B:0098H.4       PUBLIC        REN
  B:00A0H.2       PUBLIC        AD10
  B:00A0H.3       PUBLIC        AD11
  D:00C8H         PUBLIC        T2CON
  B:00A0H.4       PUBLIC        AD12
  B:00A0H.5       PUBLIC        AD13
  B:00A0H.6       PUBLIC        AD14
  D:0008H         PUBLIC        state_g
  B:00A0H.7       PUBLIC        AD15
  B:00B8H.4       PUBLIC        PLS
  C:17DCH         PUBLIC        _Play_Song
  B:00D0H.5       PUBLIC        F0
  B:00D0H.1       PUBLIC        F1
  D:00D0H         PUBLIC        PSW
  B:00D8H.0       PUBLIC        CCF0
  B:00D8H.1       PUBLIC        CCF1
  -------         PROC          _PLAY_SONG
  D:003AH         SYMBOL        Start_Cluster
  -------         DO            Start_Cluster
  D:003EH         SYMBOL        index1
  D:0040H         SYMBOL        index2
  D:0042H         SYMBOL        temp8
  D:0043H         SYMBOL        play_status
  D:0044H         SYMBOL        sector
  D:0048H         SYMBOL        sector_base
  D:004CH         SYMBOL        sector_offset
  -------         ENDDO         sector_offset
  C:17DCH         LINE#         14
  C:17E4H         LINE#         15
  C:17E4H         LINE#         19
  C:17E7H         LINE#         22
  C:17F8H         LINE#         24
  C:180BH         LINE#         25
BL51 BANKED LINKER/LOCATER V4.02                                                      12/14/2015  14:50:22  PAGE 33


  C:181CH         LINE#         26
  C:1828H         LINE#         27
  C:1831H         LINE#         31
  C:1833H         LINE#         32
  C:1837H         LINE#         34
  C:185DH         LINE#         36
  C:1872H         LINE#         37
  C:1874H         LINE#         38
  C:1876H         LINE#         39
  C:187BH         LINE#         40
  C:187EH         LINE#         42
  C:18A4H         LINE#         44
  C:18B9H         LINE#         45
  C:18BBH         LINE#         46
  C:18D9H         LINE#         47
  C:18D9H         LINE#         49
  C:18DCH         LINE#         50
  C:18DCH         LINE#         51
  C:18DFH         LINE#         52
  C:18DFH         LINE#         53
  C:18DFH         LINE#         54
  C:18DFH         LINE#         59
  C:18E4H         LINE#         60
  C:18E4H         LINE#         61
  C:18F8H         LINE#         62
  C:18F8H         LINE#         64
  C:18FBH         LINE#         65
  C:18FBH         LINE#         67
  C:18FBH         LINE#         68
  C:1900H         LINE#         69
  C:1900H         LINE#         70
  C:1914H         LINE#         71
  C:1914H         LINE#         73
  C:1917H         LINE#         74
  C:1917H         LINE#         76
  C:1917H         LINE#         78
  C:193DH         LINE#         79
  C:193DH         LINE#         80
  C:193DH         LINE#         81
  C:193DH         LINE#         87
  C:1943H         LINE#         88
  C:1943H         LINE#         89
  C:1946H         LINE#         90
  C:1946H         LINE#         91
  C:1949H         LINE#         92
  C:1949H         LINE#         94
  C:1949H         LINE#         95
  C:1949H         LINE#         97
  C:194CH         LINE#         98
  C:194CH         LINE#         99
  C:194EH         LINE#         101
  C:1965H         LINE#         102
  C:1967H         LINE#         103
  C:196FH         LINE#         104
  C:1978H         LINE#         105
  C:1978H         LINE#         106
  C:1983H         LINE#         107
BL51 BANKED LINKER/LOCATER V4.02                                                      12/14/2015  14:50:22  PAGE 34


  C:1983H         LINE#         109
  C:1988H         LINE#         110
  C:1988H         LINE#         111
  C:198BH         LINE#         112
  C:198DH         LINE#         114
  C:198DH         LINE#         115
  C:1990H         LINE#         116
  C:1995H         LINE#         117
  C:1995H         LINE#         118
  C:1997H         LINE#         122
  C:1997H         LINE#         124
  C:199AH         LINE#         125
  C:199AH         LINE#         126
  C:199AH         LINE#         127
  C:199AH         LINE#         128
  C:19A0H         LINE#         129
  C:19A0H         LINE#         130
  C:19AEH         LINE#         131
  C:19AEH         LINE#         132
  C:19B1H         LINE#         133
  C:19B6H         LINE#         134
  C:19B6H         LINE#         135
  C:19B6H         LINE#         137
  C:19B9H         LINE#         138
  C:19B9H         LINE#         142
  C:19B9H         LINE#         143
  C:19B9H         LINE#         148
  C:19DFH         LINE#         150
  C:19F4H         LINE#         151
  C:19F7H         LINE#         152
  C:19FAH         LINE#         153
  C:19FAH         LINE#         155
  C:19FAH         LINE#         156
  C:19FAH         LINE#         161
  C:1A13H         LINE#         162
  C:1A24H         LINE#         164
  C:1A39H         LINE#         165
  C:1A39H         LINE#         166
  C:1A3CH         LINE#         167
  C:1A3FH         LINE#         168
  C:1A42H         LINE#         170
  C:1A42H         LINE#         171
  C:1A55H         LINE#         172
  C:1A5EH         LINE#         173
  C:1A61H         LINE#         174
  C:1A61H         LINE#         175
  C:1A64H         LINE#         176
  C:1A64H         LINE#         179
  C:1A64H         LINE#         180
[...]
  B:00B0H.1       PUBLIC        TxD
  B:0090H.3       PUBLIC        CEX0
  C:3A1BH         PUBLIC        _DELAY_100us_T1
  B:0080H.2       PUBLIC        P0_2
  B:0090H.4       PUBLIC        CEX1
  B:0080H.3       PUBLIC        P0_3
  B:00C8H.0       PUBLIC        CP
  B:0080H.4       PUBLIC        P0_4
  B:0080H.5       PUBLIC        P0_5
  B:00D8H.6       PUBLIC        CR
  B:0080H.6       PUBLIC        P0_6
  B:00C8H.6       PUBLIC        EXF2
  D:00B8H         PUBLIC        IPL0
  B:00B0H.4       PUBLIC        P3_4
  B:0080H.7       PUBLIC        P0_7
  B:00B0H.5       PUBLIC        P3_5
  B:00B0H.6       PUBLIC        nWR
  B:00A8H.4       PUBLIC        ES
  B:00B0H.6       PUBLIC        P3_6
  B:00B0H.7       PUBLIC        P3_7
  B:0098H.0       PUBLIC        RI
  B:00D0H.7       PUBLIC        CY
  B:0098H.1       PUBLIC        TI
  B:00B8H.1       PUBLIC        PT0L
  B:00B8H.3       PUBLIC        PT1L
  B:00B8H.5       PUBLIC        PT2L
  B:0090H.1       PUBLIC        T2EX
  D:00D8H         PUBLIC        CCON
  B:00B0H.6       PUBLIC        RS
  B:00B8H.0       PUBLIC        PX0L
  B:00D0H.2       PUBLIC        OV
  B:0090H.1       PUBLIC        SS
  B:00B8H.2       PUBLIC        PX1L
  C:39F5H         PUBLIC        _DELAY_1ms_T1
BL51 BANKED LINKER/LOCATER V4.02                                                      12/14/2015  14:50:22  PAGE 62


  B:00C8H.5       PUBLIC        RCLK
  B:00C8H.4       PUBLIC        TCLK
  B:00B8H.6       PUBLIC        PPCL
  B:00A0H.4       PUBLIC        REDLED
  D:0098H         PUBLIC        SCON
  B:00A0H.5       PUBLIC        YELLOWLED
  B:0090H.0       PUBLIC        nCS0
  B:0080H.0       PUBLIC        AD0
  D:0089H         PUBLIC        TMOD
  D:0088H         PUBLIC        TCON
  B:0080H.1       PUBLIC        AD1
  B:0080H.2       PUBLIC        AD2
  B:00B0H.1       PUBLIC        RxD_pin
  B:00C8H.1       PUBLIC        CnT2
  B:0080H.3       PUBLIC        AD3
  B:0090H.5       PUBLIC        MISO
  B:0090H.7       PUBLIC        MOSI
  B:0080H.4       PUBLIC        AD4
  B:00B0H.0       PUBLIC        TxD_pin
  B:0080H.5       PUBLIC        AD5
  B:0080H.6       PUBLIC        AD6
  B:0080H.7       PUBLIC        AD7
  B:00A0H.0       PUBLIC        AD8
  B:00A0H.1       PUBLIC        AD9
  B:0088H.1       PUBLIC        IE0
  B:00A0H.6       PUBLIC        AMBERLED
  B:0088H.3       PUBLIC        IE1
  B:00B0H.7       PUBLIC        E
  B:00A0H.7       PUBLIC        GREENLED
  B:00A8H.1       PUBLIC        ET0
  B:00A8H.3       PUBLIC        ET1
  B:0088H.5       PUBLIC        TF0
  B:00A8H.5       PUBLIC        ET2
  B:0088H.7       PUBLIC        TF1
  B:00C8H.7       PUBLIC        TF2
  B:0098H.2       PUBLIC        RB8
  B:00A8H.0       PUBLIC        EX0
  B:0088H.0       PUBLIC        IT0
  D:008DH         PUBLIC        TH1
  B:0098H.3       PUBLIC        TB8
  B:00A8H.2       PUBLIC        EX1
  B:0088H.2       PUBLIC        IT1
  B:00D0H.0       PUBLIC        P
  B:0098H.7       PUBLIC        SM0
  B:0090H.2       PUBLIC        ECI
  B:0098H.6       PUBLIC        SM1
  D:008BH         PUBLIC        TL1
  B:0098H.5       PUBLIC        SM2
  B:0090H.4       PUBLIC        BIT_EN
  B:00D0H.3       PUBLIC        RS0
  B:0088H.4       PUBLIC        TR0
  B:00D0H.4       PUBLIC        RS1
  B:0088H.6       PUBLIC        TR1
  B:0090H.1       PUBLIC        SDA
  B:00C8H.2       PUBLIC        TR2
  B:00A0H.0       PUBLIC        SW1
  B:00A0H.1       PUBLIC        SW2
BL51 BANKED LINKER/LOCATER V4.02                                                      12/14/2015  14:50:22  PAGE 63


  B:00A0H.2       PUBLIC        SW3
  B:00A0H.3       PUBLIC        SW4
  B:0090H.6       PUBLIC        SCK
  B:0090H.7       PUBLIC        MOSI_pin
  B:0090H.5       PUBLIC        MISO_pin
  B:0090H.2       PUBLIC        SCL
  B:00B0H.3       PUBLIC        STA013_RESET
  B:00C8H.3       PUBLIC        EXEN2
  B:00B0H.2       PUBLIC        DATA_REQ
  B:0098H.4       PUBLIC        REN
  B:00A0H.2       PUBLIC        AD10
  B:00A0H.3       PUBLIC        AD11
  D:00C8H         PUBLIC        T2CON
  B:00A0H.4       PUBLIC        AD12
  B:00A0H.5       PUBLIC        AD13
  B:00A0H.6       PUBLIC        AD14
  B:00A0H.7       PUBLIC        AD15
  B:00B8H.4       PUBLIC        PLS
  B:00D0H.5       PUBLIC        F0
  B:00D0H.1       PUBLIC        F1
  D:00D0H         PUBLIC        PSW
  B:00D8H.0       PUBLIC        CCF0
  B:00D8H.1       PUBLIC        CCF1
  -------         PROC          _DELAY_1MS_T1
  D:0006H         SYMBOL        duration
  C:39F5H         LINE#         7
  C:39F5H         LINE#         8
  C:39F5H         LINE#         10
  C:39F8H         LINE#         11
  C:39FBH         LINE#         14
  C:39FDH         LINE#         17
  C:39FDH         LINE#         19
  C:3A00H         LINE#         20
  C:3A03H         LINE#         22
  C:3A05H         LINE#         23
  C:3A07H         LINE#         25
  C:3A0AH         LINE#         27
  C:3A0CH         LINE#         28
  C:3A11H         LINE#         29
  C:3A1AH         LINE#         30
  -------         ENDPROC       _DELAY_1MS_T1
  -------         PROC          _DELAY_100US_T1
  D:0006H         SYMBOL        duration
  C:3A1BH         LINE#         32
  C:3A1BH         LINE#         33
  C:3A1BH         LINE#         35
  C:3A1EH         LINE#         36
  C:3A21H         LINE#         39
  C:3A23H         LINE#         42
  C:3A23H         LINE#         44
  C:3A26H         LINE#         45
  C:3A28H         LINE#         47
  C:3A2AH         LINE#         48
  C:3A2CH         LINE#         50
  C:3A2FH         LINE#         52
  C:3A31H         LINE#         53
  C:3A36H         LINE#         54
BL51 BANKED LINKER/LOCATER V4.02                                                      12/14/2015  14:50:22  PAGE 64


  C:3A3FH         LINE#         55
  -------         ENDPROC       _DELAY_100US_T1
  -------         ENDMOD        HARDWARE_DELAY

  -------         MODULE        LCD_ROUTINES
  C:0000H         SYMBOL        _ICE_DUMMY_
  B:00D8H.2       PUBLIC        CCF2
  B:00D8H.3       PUBLIC        CCF3
  D:0080H         PUBLIC        P0
  B:00D8H.4       PUBLIC        CCF4
  D:0090H         PUBLIC        P1
  D:00A0H         PUBLIC        P2
  D:00B0H         PUBLIC        P3
  B:00B0H.4       PUBLIC        T0
  B:00D0H.6       PUBLIC        AC
  B:00B0H.5       PUBLIC        T1
  B:00B0H.7       PUBLIC        nRD
  B:0090H.0       PUBLIC        T2
  B:00A8H.7       PUBLIC        EA
  B:00A8H.6       PUBLIC        EC
  B:00D8H.7       PUBLIC        CF
  B:0090H.6       PUBLIC        SCK_pin
  B:00B0H.2       PUBLIC        nINT0
  B:0098H.7       PUBLIC        FE
  B:00B0H.3       PUBLIC        nINT1
  D:00A8H         PUBLIC        IEN0
  B:00B0H.0       PUBLIC        RxD
  B:0080H.0       PUBLIC        P0_0
  B:0080H.1       PUBLIC        P0_1
  B:00B0H.1       PUBLIC        TxD
  B:0090H.3       PUBLIC        CEX0
  B:0080H.2       PUBLIC        P0_2
  B:0090H.4       PUBLIC        CEX1
  B:0080H.3       PUBLIC        P0_3
  B:00C8H.0       PUBLIC        CP
  B:0080H.4       PUBLIC        P0_4
  B:0080H.5       PUBLIC        P0_5
  B:00D8H.6       PUBLIC        CR
  B:0080H.6       PUBLIC        P0_6
  B:00C8H.6       PUBLIC        EXF2
  D:00B8H         PUBLIC        IPL0
  B:00B0H.4       PUBLIC        P3_4
  B:0080H.7       PUBLIC        P0_7
  B:00B0H.5       PUBLIC        P3_5
  B:00B0H.6       PUBLIC        nWR
  B:00A8H.4       PUBLIC        ES
  B:00B0H.6       PUBLIC        P3_6
  B:00B0H.7       PUBLIC        P3_7
  B:0098H.0       PUBLIC        RI
  B:00D0H.7       PUBLIC        CY
  B:0098H.1       PUBLIC        TI
  B:00B8H.1       PUBLIC        PT0L
  B:00B8H.3       PUBLIC        PT1L
  B:00B8H.5       PUBLIC        PT2L
  B:0090H.1       PUBLIC        T2EX
  D:00D8H         PUBLIC        CCON
  B:00B0H.6       PUBLIC        RS
BL51 BANKED LINKER/LOCATER V4.02                                                      12/14/2015  14:50:22  PAGE 65


  B:00B8H.0       PUBLIC        PX0L
  B:00D0H.2       PUBLIC        OV
  B:0090H.1       PUBLIC        SS
  B:00B8H.2       PUBLIC        PX1L
  B:00C8H.5       PUBLIC        RCLK
  B:00C8H.4       PUBLIC        TCLK
  B:00B8H.6       PUBLIC        PPCL
  B:00A0H.4       PUBLIC        REDLED
  D:0098H         PUBLIC        SCON
  B:00A0H.5       PUBLIC        YELLOWLED
  B:0090H.0       PUBLIC        nCS0
  B:0080H.0       PUBLIC        AD0
  D:0088H         PUBLIC        TCON
  B:0080H.1       PUBLIC        AD1
  B:0080H.2       PUBLIC        AD2
  D:0080H         PUBLIC        LCD_Data_Port
  B:00B0H.1       PUBLIC        RxD_pin
  B:00C8H.1       PUBLIC        CnT2
  B:0080H.3       PUBLIC        AD3
  B:0090H.5       PUBLIC        MISO
  B:0090H.7       PUBLIC        MOSI
  B:0080H.4       PUBLIC        AD4
  B:00B0H.0       PUBLIC        TxD_pin
  B:0080H.5       PUBLIC        AD5
  B:0080H.6       PUBLIC        AD6
  B:0080H.7       PUBLIC        AD7
  B:00A0H.0       PUBLIC        AD8
  B:00A0H.1       PUBLIC        AD9
  B:0088H.1       PUBLIC        IE0
  B:00A0H.6       PUBLIC        AMBERLED
  B:0088H.3       PUBLIC        IE1
  C:3A61H         PUBLIC        LCD_Write
  C:37A9H         PUBLIC        _LCD_print
  B:00B0H.7       PUBLIC        E
  B:00A0H.7       PUBLIC        GREENLED
  B:00A8H.1       PUBLIC        ET0
  C:387FH         PUBLIC        LCD_Init
  B:00A8H.3       PUBLIC        ET1
  B:0088H.5       PUBLIC        TF0
  B:00A8H.5       PUBLIC        ET2
  B:0088H.7       PUBLIC        TF1
  B:00C8H.7       PUBLIC        TF2
  B:0098H.2       PUBLIC        RB8
  B:00A8H.0       PUBLIC        EX0
  B:0088H.0       PUBLIC        IT0
  B:0098H.3       PUBLIC        TB8
  B:00A8H.2       PUBLIC        EX1
  B:0088H.2       PUBLIC        IT1
  B:00D0H.0       PUBLIC        P
  B:0098H.7       PUBLIC        SM0
  B:0090H.2       PUBLIC        ECI
  B:0098H.6       PUBLIC        SM1
  B:0098H.5       PUBLIC        SM2
  B:0090H.4       PUBLIC        BIT_EN
  B:00D0H.3       PUBLIC        RS0
  B:0088H.4       PUBLIC        TR0
  B:00D0H.4       PUBLIC        RS1
BL51 BANKED LINKER/LOCATER V4.02                                                      12/14/2015  14:50:22  PAGE 66


  B:0088H.6       PUBLIC        TR1
  B:0090H.1       PUBLIC        SDA
  B:00C8H.2       PUBLIC        TR2
  B:00A0H.0       PUBLIC        SW1
  B:00A0H.1       PUBLIC        SW2
  B:00A0H.2       PUBLIC        SW3
  B:00A0H.3       PUBLIC        SW4
  B:0090H.6       PUBLIC        SCK
  B:0090H.7       PUBLIC        MOSI_pin
  B:0090H.5       PUBLIC        MISO_pin
  B:0090H.2       PUBLIC        SCL
  B:00B0H.3       PUBLIC        STA013_RESET
  B:00C8H.3       PUBLIC        EXEN2
  B:00B0H.2       PUBLIC        DATA_REQ
  B:0098H.4       PUBLIC        REN
  B:00A0H.2       PUBLIC        AD10
  B:00A0H.3       PUBLIC        AD11
  D:00C8H         PUBLIC        T2CON
  B:00A0H.4       PUBLIC        AD12
  B:00A0H.5       PUBLIC        AD13
  B:00A0H.6       PUBLIC        AD14
  B:00A0H.7       PUBLIC        AD15
  B:00B8H.4       PUBLIC        PLS
  B:00D0H.5       PUBLIC        F0
  B:00D0H.1       PUBLIC        F1
  D:00D0H         PUBLIC        PSW
  B:00D8H.0       PUBLIC        CCF0
  B:00D8H.1       PUBLIC        CCF1
  -------         PROC          L?0011
  -------         ENDPROC       L?0011
  -------         PROC          LCD_WRITE
  B:0020H.0       SYMBOL        RegSelect
  D:0040H         SYMBOL        LCD_Data
  C:3A61H         LINE#         14
  C:3A61H         LINE#         15
  C:3A61H         LINE#         16
  C:3A65H         LINE#         17
  C:3A67H         LINE#         18
  C:3A6AH         LINE#         19
  C:3A6CH         LINE#         20
  C:3A6FH         LINE#         21
  C:3A71H         LINE#         22
  -------         ENDPROC       LCD_WRITE
  -------         PROC          LCD_INIT
  C:387FH         LINE#         34
  C:387FH         LINE#         35
  C:387FH         LINE#         37
  C:3882H         LINE#         38
  C:3889H         LINE#         39
  C:388CH         LINE#         40
  C:3893H         LINE#         41
  C:3896H         LINE#         42
  C:389DH         LINE#         43
  C:38A5H         LINE#         44
  C:38ACH         LINE#         45
  C:38B4H         LINE#         46
  C:38BBH         LINE#         47
BL51 BANKED LINKER/LOCATER V4.02                                                      12/14/2015  14:50:22  PAGE 67


  C:38C3H         LINE#         48
  C:38CAH         LINE#         49
  C:38D2H         LINE#         50
  -------         ENDPROC       LCD_INIT
  -------         PROC          _LCD_PRINT
  D:003AH         SYMBOL        num_bytes
  D:003BH         SYMBOL        array_name
  -------         DO            array_name
  D:003EH         SYMBOL        index
  D:003FH         SYMBOL        character
  -------         ENDDO         character
  C:37A9H         LINE#         56
  C:37B1H         LINE#         57
  C:37B1H         LINE#         59
  C:37B5H         LINE#         60
  C:37B5H         LINE#         61
  C:37B7H         LINE#         62
  C:37C1H         LINE#         63
  C:37C5H         LINE#         64
  C:37C5H         LINE#         65
  C:37CCH         LINE#         66
  C:37D3H         LINE#         67
  C:37D5H         LINE#         68
  C:37E6H         LINE#         69
  C:37E8H         LINE#         70
  C:37E8H         LINE#         72
  C:37E8H         LINE#         73
  C:37F2H         LINE#         74
  C:37F2H         LINE#         75
  C:3803H         LINE#         76
  C:380AH         LINE#         77
  C:3811H         LINE#         78
  C:3815H         LINE#         79
  C:3815H         LINE#         80
  -------         ENDPROC       _LCD_PRINT
  -------         ENDMOD        LCD_ROUTINES

  -------         MODULE        ?C?CLDPTR
  C:0FD3H         PUBLIC        ?C?CLDPTR
  -------         ENDMOD        ?C?CLDPTR

  -------         MODULE        ?C?CLDOPTR
  C:0FECH         PUBLIC        ?C?CLDOPTR
  -------         ENDMOD        ?C?CLDOPTR

  -------         MODULE        ?C?CILDOPTR
  C:1019H         PUBLIC        ?C?CILDOPTR
  -------         ENDMOD        ?C?CILDOPTR

  -------         MODULE        ?C?CSTPTR
  C:104CH         PUBLIC        ?C?CSTPTR
  -------         ENDMOD        ?C?CSTPTR

  -------         MODULE        ?C?CSTOPTR
  C:105EH         PUBLIC        ?C?CSTOPTR
  -------         ENDMOD        ?C?CSTOPTR

BL51 BANKED LINKER/LOCATER V4.02                                                      12/14/2015  14:50:22  PAGE 68


  -------         MODULE        ?C?UIDIV
  C:1080H         PUBLIC        ?C?UIDIV
  -------         ENDMOD        ?C?UIDIV

  -------         MODULE        ?C?ILDOPTR
  C:10D5H         PUBLIC        ?C?ILDOPTR
  -------         ENDMOD        ?C?ILDOPTR

  -------         MODULE        ?C?ISTOPTR
  C:110DH         PUBLIC        ?C?ISTOPTR
  -------         ENDMOD        ?C?ISTOPTR

  -------         MODULE        ?C?LMUL
  C:113AH         PUBLIC        ?C?LMUL
  -------         ENDMOD        ?C?LMUL

  -------         MODULE        ?C?ULDIV
  C:11C5H         PUBLIC        ?C?ULDIV
  -------         ENDMOD        ?C?ULDIV

  -------         MODULE        ?C?SLCMP
  C:1257H         PUBLIC        ?C?SLCMP
  -------         ENDMOD        ?C?SLCMP

  -------         MODULE        ?C?ULCMP
  C:126DH         PUBLIC        ?C?ULCMP
  -------         ENDMOD        ?C?ULCMP

  -------         MODULE        ?C?ULSHR
  C:127EH         PUBLIC        ?C?ULSHR
  -------         ENDMOD        ?C?ULSHR

  -------         MODULE        ?C?LSHL
  C:1291H         PUBLIC        ?C?LSHL
  -------         ENDMOD        ?C?LSHL

  -------         MODULE        ?C?LLDOPTR
  C:12A4H         PUBLIC        ?C?LLDOPTR
  -------         ENDMOD        ?C?LLDOPTR

  -------         MODULE        ?C?LSTOPTR
  C:12D4H         PUBLIC        ?C?LSTOPTR
  -------         ENDMOD        ?C?LSTOPTR

  -------         MODULE        ?C?LLDIDATA
  C:12F8H         PUBLIC        ?C?LLDIDATA
  -------         ENDMOD        ?C?LLDIDATA

  -------         MODULE        ?C?LLDOPTR0
  C:1304H         PUBLIC        ?C?LLDOPTR0
  -------         ENDMOD        ?C?LLDOPTR0

  -------         MODULE        PUTCHAR
  C:39CEH         PUBLIC        _PUTCHAR
  -------         ENDMOD        PUTCHAR

  -------         MODULE        PRINTF
BL51 BANKED LINKER/LOCATER V4.02                                                      12/14/2015  14:50:22  PAGE 69


  D:0060H         PUBLIC        ?_PRINTF517?BYTE
  D:0060H         PUBLIC        ?_PRINTF?BYTE
  D:0060H         PUBLIC        ?_SPRINTF517?BYTE
  D:0060H         PUBLIC        ?_SPRINTF?BYTE
  C:1BEEH         PUBLIC        _PRINTF
  C:1BEEH         PUBLIC        _PRINTF517
  C:1BE8H         PUBLIC        _SPRINTF
  C:1BE8H         PUBLIC        _SPRINTF517
  -------         ENDMOD        PRINTF

  -------         MODULE        GETCHAR
  B:0021H.1       PUBLIC        ?C?CHARLOADED
  D:0009H         PUBLIC        ?_UNGETCHAR?BYTE
  C:3AC1H         PUBLIC        GETCHAR
  -------         ENDMOD        GETCHAR

  -------         MODULE        ATOL
  C:3222H         PUBLIC        _ATOL
  -------         ENDMOD        ATOL

  -------         MODULE        ?C?LNEG
  C:1334H         PUBLIC        ?C?LNEG
  -------         ENDMOD        ?C?LNEG

  -------         MODULE        ?C?LLDXDATA
  C:1342H         PUBLIC        ?C?LLDXDATA
  -------         ENDMOD        ?C?LLDXDATA

  -------         MODULE        ?C?LLDPDATA
  C:134EH         PUBLIC        ?C?LLDPDATA
  -------         ENDMOD        ?C?LLDPDATA

  -------         MODULE        ?C?LLDCODE
  C:135AH         PUBLIC        ?C?LLDCODE
  -------         ENDMOD        ?C?LLDCODE

  -------         MODULE        ?C?LLDIDATA0
  C:136AH         PUBLIC        ?C?LLDIDATA0
  -------         ENDMOD        ?C?LLDIDATA0

  -------         MODULE        ?C?LLDXDATA0
  C:1377H         PUBLIC        ?C?LLDXDATA0
  -------         ENDMOD        ?C?LLDXDATA0

  -------         MODULE        ?C?LLDPDATA0
  C:1383H         PUBLIC        ?C?LLDPDATA0
  -------         ENDMOD        ?C?LLDPDATA0

  -------         MODULE        ?C?LLDCODE0
  C:1390H         PUBLIC        ?C?LLDCODE0
  -------         ENDMOD        ?C?LLDCODE0

  -------         MODULE        ?C?LSTIDATA
  C:13A0H         PUBLIC        ?C?LSTIDATA
  -------         ENDMOD        ?C?LSTIDATA

  -------         MODULE        ?C?LSTXDATA
BL51 BANKED LINKER/LOCATER V4.02                                                      12/14/2015  14:50:22  PAGE 70


  C:13ACH         PUBLIC        ?C?LSTXDATA
  -------         ENDMOD        ?C?LSTXDATA

  -------         MODULE        ?C?LSTPDATA
  C:13B8H         PUBLIC        ?C?LSTPDATA
  -------         ENDMOD        ?C?LSTPDATA

  -------         MODULE        ?C?PLDIIDATA
  C:13C4H         PUBLIC        ?C?PLDIIDATA
  -------         ENDMOD        ?C?PLDIIDATA

  -------         MODULE        ?C?CCASE
  C:13D4H         PUBLIC        ?C?CCASE
  -------         ENDMOD        ?C?CCASE

  -------         MODULE        _GETKEY
  C:3AFAH         PUBLIC        _GETKEY
  -------         ENDMOD        _GETKEY

  -------         MODULE        ISDIGIT
  C:3AD2H         PUBLIC        _ISDIGIT
  -------         ENDMOD        ISDIGIT

  -------         MODULE        ISSPACE
  C:3AAEH         PUBLIC        _ISSPACE
  -------         ENDMOD        ISSPACE

LINK/LOCATE RUN COMPLETE.  0 WARNING(S),  0 ERROR(S)
